Archive member included to satisfy reference by file (symbol)

/opt/stm32cubeide/plugins/com.st.stm32cube.ide.mcu.externaltools.gnu-tools-for-stm32.12.3.rel1.linux64_1.0.100.202403111256/tools/bin/../lib/gcc/arm-none-eabi/12.3.1/../../../../arm-none-eabi/lib/thumb/v7e-m+fp/hard/libc_nano.a(libc_a-exit.o)
                              /opt/stm32cubeide/plugins/com.st.stm32cube.ide.mcu.externaltools.gnu-tools-for-stm32.12.3.rel1.linux64_1.0.100.202403111256/tools/bin/../lib/gcc/arm-none-eabi/12.3.1/../../../../arm-none-eabi/lib/thumb/v7e-m+fp/hard/crt0.o (exit)
/opt/stm32cubeide/plugins/com.st.stm32cube.ide.mcu.externaltools.gnu-tools-for-stm32.12.3.rel1.linux64_1.0.100.202403111256/tools/bin/../lib/gcc/arm-none-eabi/12.3.1/../../../../arm-none-eabi/lib/thumb/v7e-m+fp/hard/libc_nano.a(libc_a-findfp.o)
                              /opt/stm32cubeide/plugins/com.st.stm32cube.ide.mcu.externaltools.gnu-tools-for-stm32.12.3.rel1.linux64_1.0.100.202403111256/tools/bin/../lib/gcc/arm-none-eabi/12.3.1/../../../../arm-none-eabi/lib/thumb/v7e-m+fp/hard/libc_nano.a(libc_a-exit.o) (__stdio_exit_handler)
/opt/stm32cubeide/plugins/com.st.stm32cube.ide.mcu.externaltools.gnu-tools-for-stm32.12.3.rel1.linux64_1.0.100.202403111256/tools/bin/../lib/gcc/arm-none-eabi/12.3.1/../../../../arm-none-eabi/lib/thumb/v7e-m+fp/hard/libc_nano.a(libc_a-fwalk.o)
                              /opt/stm32cubeide/plugins/com.st.stm32cube.ide.mcu.externaltools.gnu-tools-for-stm32.12.3.rel1.linux64_1.0.100.202403111256/tools/bin/../lib/gcc/arm-none-eabi/12.3.1/../../../../arm-none-eabi/lib/thumb/v7e-m+fp/hard/libc_nano.a(libc_a-findfp.o) (_fwalk_sglue)
/opt/stm32cubeide/plugins/com.st.stm32cube.ide.mcu.externaltools.gnu-tools-for-stm32.12.3.rel1.linux64_1.0.100.202403111256/tools/bin/../lib/gcc/arm-none-eabi/12.3.1/../../../../arm-none-eabi/lib/thumb/v7e-m+fp/hard/libc_nano.a(libc_a-sprintf.o)
                              ./Core/App/app_statemachine.o (sprintf)
/opt/stm32cubeide/plugins/com.st.stm32cube.ide.mcu.externaltools.gnu-tools-for-stm32.12.3.rel1.linux64_1.0.100.202403111256/tools/bin/../lib/gcc/arm-none-eabi/12.3.1/../../../../arm-none-eabi/lib/thumb/v7e-m+fp/hard/libc_nano.a(libc_a-stdio.o)
                              /opt/stm32cubeide/plugins/com.st.stm32cube.ide.mcu.externaltools.gnu-tools-for-stm32.12.3.rel1.linux64_1.0.100.202403111256/tools/bin/../lib/gcc/arm-none-eabi/12.3.1/../../../../arm-none-eabi/lib/thumb/v7e-m+fp/hard/libc_nano.a(libc_a-findfp.o) (__sread)
/opt/stm32cubeide/plugins/com.st.stm32cube.ide.mcu.externaltools.gnu-tools-for-stm32.12.3.rel1.linux64_1.0.100.202403111256/tools/bin/../lib/gcc/arm-none-eabi/12.3.1/../../../../arm-none-eabi/lib/thumb/v7e-m+fp/hard/libc_nano.a(libc_a-memset.o)
                              /opt/stm32cubeide/plugins/com.st.stm32cube.ide.mcu.externaltools.gnu-tools-for-stm32.12.3.rel1.linux64_1.0.100.202403111256/tools/bin/../lib/gcc/arm-none-eabi/12.3.1/../../../../arm-none-eabi/lib/thumb/v7e-m+fp/hard/crt0.o (memset)
/opt/stm32cubeide/plugins/com.st.stm32cube.ide.mcu.externaltools.gnu-tools-for-stm32.12.3.rel1.linux64_1.0.100.202403111256/tools/bin/../lib/gcc/arm-none-eabi/12.3.1/../../../../arm-none-eabi/lib/thumb/v7e-m+fp/hard/libc_nano.a(libc_a-strncpy.o)
                              ./Core/App/driver_uart.o (strncpy)
/opt/stm32cubeide/plugins/com.st.stm32cube.ide.mcu.externaltools.gnu-tools-for-stm32.12.3.rel1.linux64_1.0.100.202403111256/tools/bin/../lib/gcc/arm-none-eabi/12.3.1/../../../../arm-none-eabi/lib/thumb/v7e-m+fp/hard/libc_nano.a(libc_a-closer.o)
                              /opt/stm32cubeide/plugins/com.st.stm32cube.ide.mcu.externaltools.gnu-tools-for-stm32.12.3.rel1.linux64_1.0.100.202403111256/tools/bin/../lib/gcc/arm-none-eabi/12.3.1/../../../../arm-none-eabi/lib/thumb/v7e-m+fp/hard/libc_nano.a(libc_a-stdio.o) (_close_r)
/opt/stm32cubeide/plugins/com.st.stm32cube.ide.mcu.externaltools.gnu-tools-for-stm32.12.3.rel1.linux64_1.0.100.202403111256/tools/bin/../lib/gcc/arm-none-eabi/12.3.1/../../../../arm-none-eabi/lib/thumb/v7e-m+fp/hard/libc_nano.a(libc_a-reent.o)
                              /opt/stm32cubeide/plugins/com.st.stm32cube.ide.mcu.externaltools.gnu-tools-for-stm32.12.3.rel1.linux64_1.0.100.202403111256/tools/bin/../lib/gcc/arm-none-eabi/12.3.1/../../../../arm-none-eabi/lib/thumb/v7e-m+fp/hard/libc_nano.a(libc_a-closer.o) (errno)
/opt/stm32cubeide/plugins/com.st.stm32cube.ide.mcu.externaltools.gnu-tools-for-stm32.12.3.rel1.linux64_1.0.100.202403111256/tools/bin/../lib/gcc/arm-none-eabi/12.3.1/../../../../arm-none-eabi/lib/thumb/v7e-m+fp/hard/libc_nano.a(libc_a-impure.o)
                              /opt/stm32cubeide/plugins/com.st.stm32cube.ide.mcu.externaltools.gnu-tools-for-stm32.12.3.rel1.linux64_1.0.100.202403111256/tools/bin/../lib/gcc/arm-none-eabi/12.3.1/../../../../arm-none-eabi/lib/thumb/v7e-m+fp/hard/libc_nano.a(libc_a-sprintf.o) (_impure_ptr)
[...]
Memory Configuration

Name             Origin             Length             Attributes
RAM              0x20000000         0x00020000         xrw
FLASH            0x08000000         0x00080000         xr
*default*        0x00000000         0xffffffff

Linker script and memory map

LOAD /opt/stm32cubeide/plugins/com.st.stm32cube.ide.mcu.externaltools.gnu-tools-for-stm32.12.3.rel1.linux64_1.0.100.202403111256/tools/bin/../lib/gcc/arm-none-eabi/12.3.1/thumb/v7e-m+fp/hard/crti.o
LOAD /opt/stm32cubeide/plugins/com.st.stm32cube.ide.mcu.externaltools.gnu-tools-for-stm32.12.3.rel1.linux64_1.0.100.202403111256/tools/bin/../lib/gcc/arm-none-eabi/12.3.1/thumb/v7e-m+fp/hard/crtbegin.o
LOAD /opt/stm32cubeide/plugins/com.st.stm32cube.ide.mcu.externaltools.gnu-tools-for-stm32.12.3.rel1.linux64_1.0.100.202403111256/tools/bin/../lib/gcc/arm-none-eabi/12.3.1/../../../../arm-none-eabi/lib/thumb/v7e-m+fp/hard/crt0.o
LOAD ./Core/App/LoRa.o
LOAD ./Core/App/app_statemachine.o
LOAD ./Core/App/driver_ebrake.o
LOAD ./Core/App/driver_fan.o
LOAD ./Core/App/driver_status_led.o
LOAD ./Core/App/driver_uart.o
LOAD ./Core/Src/adc.o
LOAD ./Core/Src/dma.o
LOAD ./Core/Src/gpio.o
LOAD ./Core/Src/main.o
LOAD ./Core/Src/spi.o
LOAD ./Core/Src/stm32f4xx_hal_msp.o
LOAD ./Core/Src/stm32f4xx_it.o
LOAD ./Core/Src/syscalls.o
LOAD ./Core/Src/sysmem.o
LOAD ./Core/Src/system_stm32f4xx.o
LOAD ./Core/Src/tim.o
LOAD ./Core/Src/usart.o
LOAD ./Core/Startup/startup_stm32f446retx.o
LOAD ./Drivers/STM32F4xx_HAL_Driver/Src/stm32f4xx_hal.o
LOAD ./Drivers/STM32F4xx_HAL_Driver/Src/stm32f4xx_hal_adc.o
LOAD ./Drivers/STM32F4xx_HAL_Driver/Src/stm32f4xx_hal_adc_ex.o
LOAD ./Drivers/STM32F4xx_HAL_Driver/Src/stm32f4xx_hal_cortex.o
LOAD ./Drivers/STM32F4xx_HAL_Driver/Src/stm32f4xx_hal_dma.o
LOAD ./Drivers/STM32F4xx_HAL_Driver/Src/stm32f4xx_hal_dma_ex.o
LOAD ./Drivers/STM32F4xx_HAL_Driver/Src/stm32f4xx_hal_exti.o
LOAD ./Drivers/STM32F4xx_HAL_Driver/Src/stm32f4xx_hal_flash.o
LOAD ./Drivers/STM32F4xx_HAL_Driver/Src/stm32f4xx_hal_flash_ex.o
LOAD ./Drivers/STM32F4xx_HAL_Driver/Src/stm32f4xx_hal_flash_ramfunc.o
LOAD ./Drivers/STM32F4xx_HAL_Driver/Src/stm32f4xx_hal_gpio.o
LOAD ./Drivers/STM32F4xx_HAL_Driver/Src/stm32f4xx_hal_pwr.o
LOAD ./Drivers/STM32F4xx_HAL_Driver/Src/stm32f4xx_hal_pwr_ex.o
LOAD ./Drivers/STM32F4xx_HAL_Driver/Src/stm32f4xx_hal_rcc.o
LOAD ./Drivers/STM32F4xx_HAL_Driver/Src/stm32f4xx_hal_rcc_ex.o
LOAD ./Drivers/STM32F4xx_HAL_Driver/Src/stm32f4xx_hal_spi.o
LOAD ./Drivers/STM32F4xx_HAL_Driver/Src/stm32f4xx_hal_tim.o
LOAD ./Drivers/STM32F4xx_HAL_Driver/Src/stm32f4xx_hal_tim_ex.o
LOAD ./Drivers/STM32F4xx_HAL_Driver/Src/stm32f4xx_hal_uart.o
LOAD ./Drivers/STM32F4xx_HAL_Driver/Src/stm32f4xx_ll_adc.o
START GROUP
LOAD /opt/stm32cubeide/plugins/com.st.stm32cube.ide.mcu.externaltools.gnu-tools-for-stm32.12.3.rel1.linux64_1.0.100.202403111256/tools/bin/../lib/gcc/arm-none-eabi/12.3.1/../../../../arm-none-eabi/lib/thumb/v7e-m+fp/hard/libc_nano.a
LOAD /opt/stm32cubeide/plugins/com.st.stm32cube.ide.mcu.externaltools.gnu-tools-for-stm32.12.3.rel1.linux64_1.0.100.202403111256/tools/bin/../lib/gcc/arm-none-eabi/12.3.1/../../../../arm-none-eabi/lib/thumb/v7e-m+fp/hard/libm.a
END GROUP
START GROUP
LOAD /opt/stm32cubeide/plugins/com.st.stm32cube.ide.mcu.externaltools.gnu-tools-for-stm32.12.3.rel1.linux64_1.0.100.202403111256/tools/bin/../lib/gcc/arm-none-eabi/12.3.1/thumb/v7e-m+fp/hard/libgcc.a
LOAD /opt/stm32cubeide/plugins/com.st.stm32cube.ide.mcu.externaltools.gnu-tools-for-stm32.12.3.rel1.linux64_1.0.100.202403111256/tools/bin/../lib/gcc/arm-none-eabi/12.3.1/../../../../arm-none-eabi/lib/thumb/v7e-m+fp/hard/libc_nano.a
END GROUP
START GROUP
LOAD /opt/stm32cubeide/plugins/com.st.stm32cube.ide.mcu.externaltools.gnu-tools-for-stm32.12.3.rel1.linux64_1.0.100.202403111256/tools/bin/../lib/gcc/arm-none-eabi/12.3.1/thumb/v7e-m+fp/hard/libgcc.a
LOAD /opt/stm32cubeide/plugins/com.st.stm32cube.ide.mcu.externaltools.gnu-tools-for-stm32.12.3.rel1.linux64_1.0.100.202403111256/tools/bin/../lib/gcc/arm-none-eabi/12.3.1/../../../../arm-none-eabi/lib/thumb/v7e-m+fp/hard/libc_nano.a
LOAD /opt/stm32cubeide/plugins/com.st.stm32cube.ide.mcu.externaltools.gnu-tools-for-stm32.12.3.rel1.linux64_1.0.100.202403111256/tools/bin/../lib/gcc/arm-none-eabi/12.3.1/../../../../arm-none-eabi/lib/thumb/v7e-m+fp/hard/libnosys.a
END GROUP
START GROUP
LOAD /opt/stm32cubeide/plugins/com.st.stm32cube.ide.mcu.externaltools.gnu-tools-for-stm32.12.3.rel1.linux64_1.0.100.202403111256/tools/bin/../lib/gcc/arm-none-eabi/12.3.1/thumb/v7e-m+fp/hard/libgcc.a
LOAD /opt/stm32cubeide/plugins/com.st.stm32cube.ide.mcu.externaltools.gnu-tools-for-stm32.12.3.rel1.linux64_1.0.100.202403111256/tools/bin/../lib/gcc/arm-none-eabi/12.3.1/../../../../arm-none-eabi/lib/thumb/v7e-m+fp/hard/libc_nano.a
LOAD /opt/stm32cubeide/plugins/com.st.stm32cube.ide.mcu.externaltools.gnu-tools-for-stm32.12.3.rel1.linux64_1.0.100.202403111256/tools/bin/../lib/gcc/arm-none-eabi/12.3.1/../../../../arm-none-eabi/lib/thumb/v7e-m+fp/hard/libnosys.a
END GROUP
LOAD /opt/stm32cubeide/plugins/com.st.stm32cube.ide.mcu.externaltools.gnu-tools-for-stm32.12.3.rel1.linux64_1.0.100.202403111256/tools/bin/../lib/gcc/arm-none-eabi/12.3.1/thumb/v7e-m+fp/hard/crtend.o
LOAD /opt/stm32cubeide/plugins/com.st.stm32cube.ide.mcu.externaltools.gnu-tools-for-stm32.12.3.rel1.linux64_1.0.100.202403111256/tools/bin/../lib/gcc/arm-none-eabi/12.3.1/thumb/v7e-m+fp/hard/crtn.o
                0x20020000                        _estack = (ORIGIN (RAM) + LENGTH (RAM))
                0x00000200                        _Min_Heap_Size = 0x200
                0x00000400                        _Min_Stack_Size = 0x400

.isr_vector     0x08000000      0x1c4
                0x08000000                        . = ALIGN (0x4)
 *(.isr_vector)
 .isr_vector    0x08000000      0x1c4 ./Core/Startup/startup_stm32f446retx.o
                0x08000000                g_pfnVectors
                0x080001c4                        . = ALIGN (0x4)

.text           0x080001d0     0x83d8
                0x080001d0                        . = ALIGN (0x4)
 *(.text)
 .text          0x080001d0       0x40 /opt/stm32cubeide/plugins/com.st.stm32cube.ide.mcu.externaltools.gnu-tools-for-stm32.12.3.rel1.linux64_1.0.100.202403111256/tools/bin/../lib/gcc/arm-none-eabi/12.3.1/thumb/v7e-m+fp/hard/crtbegin.o
 .text          0x08000210       0x10 /opt/stm32cubeide/plugins/com.st.stm32cube.ide.mcu.externaltools.gnu-tools-for-stm32.12.3.rel1.linux64_1.0.100.202403111256/tools/bin/../lib/gcc/arm-none-eabi/12.3.1/../../../../arm-none-eabi/lib/thumb/v7e-m+fp/hard/libc_nano.a(libc_a-strlen.o)
                0x08000210                strlen
 .text          0x08000220       0xa0 /opt/stm32cubeide/plugins/com.st.stm32cube.ide.mcu.externaltools.gnu-tools-for-stm32.12.3.rel1.linux64_1.0.100.202403111256/tools/bin/../lib/gcc/arm-none-eabi/12.3.1/../../../../arm-none-eabi/lib/thumb/v7e-m+fp/hard/libc_nano.a(libc_a-memchr.o)
                0x08000220                memchr
 .text          0x080002c0      0x378 /opt/stm32cubeide/plugins/com.st.stm32cube.ide.mcu.externaltools.gnu-tools-for-stm32.12.3.rel1.linux64_1.0.100.202403111256/tools/bin/../lib/gcc/arm-none-eabi/12.3.1/thumb/v7e-m+fp/hard/libgcc.a(_arm_addsubdf3.o)
                0x080002c0                __aeabi_drsub
                0x080002c8                __aeabi_dsub
                0x080002c8                __subdf3
                0x080002cc                __adddf3
                0x080002cc                __aeabi_dadd
                0x08000544                __aeabi_ui2d
                0x08000544                __floatunsidf
                0x08000564                __floatsidf
                0x08000564                __aeabi_i2d
                0x08000588                __extendsfdf2
                0x08000588                __aeabi_f2d
                0x080005cc                __aeabi_ul2d
                0x080005cc                __floatundidf
                0x080005dc                __floatdidf
                0x080005dc                __aeabi_l2d
 .text          0x08000638      0x424 /opt/stm32cubeide/plugins/com.st.stm32cube.ide.mcu.externaltools.gnu-tools-for-stm32.12.3.rel1.linux64_1.0.100.202403111256/tools/bin/../lib/gcc/arm-none-eabi/12.3.1/thumb/v7e-m+fp/hard/libgcc.a(_arm_muldivdf3.o)
                0x08000638                __aeabi_dmul
                0x08000638                __muldf3
                0x0800088c                __aeabi_ddiv
                0x0800088c                __divdf3
 .text          0x08000a5c       0x50 /opt/stm32cubeide/plugins/com.st.stm32cube.ide.mcu.externaltools.gnu-tools-for-stm32.12.3.rel1.linux64_1.0.100.202403111256/tools/bin/../lib/gcc/arm-none-eabi/12.3.1/thumb/v7e-m+fp/hard/libgcc.a(_arm_fixdfsi.o)
                0x08000a5c                __fixdfsi
                0x08000a5c                __aeabi_d2iz
 .text          0x08000aac       0x30 /opt/stm32cubeide/plugins/com.st.stm32cube.ide.mcu.externaltools.gnu-tools-for-stm32.12.3.rel1.linux64_1.0.100.202403111256/tools/bin/../lib/gcc/arm-none-eabi/12.3.1/thumb/v7e-m+fp/hard/libgcc.a(_aeabi_uldivmod.o)
                0x08000aac                __aeabi_uldivmod
 .text          0x08000adc      0x2bc /opt/stm32cubeide/plugins/com.st.stm32cube.ide.mcu.externaltools.gnu-tools-for-stm32.12.3.rel1.linux64_1.0.100.202403111256/tools/bin/../lib/gcc/arm-none-eabi/12.3.1/thumb/v7e-m+fp/hard/libgcc.a(_udivmoddi4.o)
                0x08000adc                __udivmoddi4
 .text          0x08000d98        0x4 /opt/stm32cubeide/plugins/com.st.stm32cube.ide.mcu.externaltools.gnu-tools-for-stm32.12.3.rel1.linux64_1.0.100.202403111256/tools/bin/../lib/gcc/arm-none-eabi/12.3.1/thumb/v7e-m+fp/hard/libgcc.a(_dvmd_tls.o)
                0x08000d98                __aeabi_ldiv0
                0x08000d98                __aeabi_idiv0
 *(.text*)
 .text.newLoRa  0x08000d9c       0x52 ./Core/App/LoRa.o
                0x08000d9c                newLoRa
 .text.LoRa_reset
                0x08000dee       0x3c ./Core/App/LoRa.o
                0x08000dee                LoRa_reset
 .text.LoRa_gotoMode
                0x08000e2a       0xc2 ./Core/App/LoRa.o
                0x08000e2a                LoRa_gotoMode
 .text.LoRa_readReg
                0x08000eec       0x7c ./Core/App/LoRa.o
                0x08000eec                LoRa_readReg
 .text.LoRa_writeReg
                0x08000f68       0x7c ./Core/App/LoRa.o
                0x08000f68                LoRa_writeReg
 .text.LoRa_setLowDaraRateOptimization
                0x08000fe4       0x4a ./Core/App/LoRa.o
                0x08000fe4                LoRa_setLowDaraRateOptimization
 *fill*         0x0800102e        0x2 
 .text.LoRa_setAutoLDO
                0x08001030       0x6c ./Core/App/LoRa.o
                0x08001030                LoRa_setAutoLDO
 .text.LoRa_setFrequency
                0x0800109c       0x60 ./Core/App/LoRa.o
                0x0800109c                LoRa_setFrequency
 .text.LoRa_setSpreadingFactor
                0x080010fc       0x64 ./Core/App/LoRa.o
                0x080010fc                LoRa_setSpreadingFactor
 .text.LoRa_setPower
                0x08001160       0x26 ./Core/App/LoRa.o
                0x08001160                LoRa_setPower
 *fill*         0x08001186        0x2 
 .text.LoRa_setOCP
                0x08001188       0x7c ./Core/App/LoRa.o
                0x08001188                LoRa_setOCP
 .text.LoRa_setTOMsb_setCRCon
                0x08001204       0x36 ./Core/App/LoRa.o
                0x08001204                LoRa_setTOMsb_setCRCon
 .text.LoRa_read
                0x0800123a       0x34 ./Core/App/LoRa.o
                0x0800123a                LoRa_read
 .text.LoRa_write
                0x0800126e       0x3a ./Core/App/LoRa.o
                0x0800126e                LoRa_write
 .text.LoRa_isvalid
                0x080012a8       0x16 ./Core/App/LoRa.o
                0x080012a8                LoRa_isvalid
 .text.LoRa_init
                0x080012be      0x14e ./Core/App/LoRa.o
                0x080012be                LoRa_init
 .text.App_StateMachine_Init
                0x0800140c       0xac ./Core/App/app_statemachine.o
                0x0800140c                App_StateMachine_Init
 .text.App_StateMachine_Tick
                0x080014b8      0x140 ./Core/App/app_statemachine.o
                0x080014b8                App_StateMachine_Tick
 .text.App_StateMachine_ChangeState
                0x080015f8       0x2c ./Core/App/app_statemachine.o
                0x080015f8                App_StateMachine_ChangeState
 .text.Driver_EBrake_Init
                0x08001624       0x18 ./Core/App/driver_ebrake.o
                0x08001624                Driver_EBrake_Init
 .text.Driver_EBrake_Retract
                0x0800163c       0x40 ./Core/App/driver_ebrake.o
                0x0800163c                Driver_EBrake_Retract
 .text.Driver_EBrake_Off
                0x0800167c       0x40 ./Core/App/driver_ebrake.o
                0x0800167c                Driver_EBrake_Off
 .text.Driver_Fan_Off
                0x080016bc       0x20 ./Core/App/driver_fan.o
                0x080016bc                Driver_Fan_Off
 .text.Driver_Fan_All_Off
                0x080016dc       0x40 ./Core/App/driver_fan.o
                0x080016dc                Driver_Fan_All_Off
 .text.Driver_Status_LED_On
                0x0800171c       0x20 ./Core/App/driver_status_led.o
                0x0800171c                Driver_Status_LED_On
 .text.Driver_Status_LED_Off
                0x0800173c       0x20 ./Core/App/driver_status_led.o
                0x0800173c                Driver_Status_LED_Off
 .text.Driver_Status_LED_SetHex
                0x0800175c       0xa4 ./Core/App/driver_status_led.o
                0x0800175c                Driver_Status_LED_SetHex
 .text.Driver_UART_Init
                0x08001800       0x4c ./Core/App/driver_uart.o
                0x08001800                Driver_UART_Init
 .text.Driver_UART_Transmit
                0x0800184c       0xd8 ./Core/App/driver_uart.o
                0x0800184c                Driver_UART_Transmit
 .text.Driver_UART_GetBuffer
                0x08001924       0x34 ./Core/App/driver_uart.o
                0x08001924                Driver_UART_GetBuffer
 .text.Driver_UART_GetTail
                0x08001958       0x38 ./Core/App/driver_uart.o
                0x08001958                Driver_UART_GetTail
 .text.Driver_UART_ClearBuffer
                0x08001990       0x78 ./Core/App/driver_uart.o
                0x08001990                Driver_UART_ClearBuffer
 .text.HAL_UART_RxCpltCallback
                0x08001a08       0x8c ./Core/App/driver_uart.o
                0x08001a08                HAL_UART_RxCpltCallback
 .text.MX_ADC1_Init
                0x08001a94       0xa4 ./Core/Src/adc.o
                0x08001a94                MX_ADC1_Init
 .text.HAL_ADC_MspInit
                0x08001b38       0x88 ./Core/Src/adc.o
                0x08001b38                HAL_ADC_MspInit
 .text.MX_DMA_Init
                0x08001bc0       0x60 ./Core/Src/dma.o
                0x08001bc0                MX_DMA_Init
 .text.MX_GPIO_Init
                0x08001c20      0x1a8 ./Core/Src/gpio.o
                0x08001c20                MX_GPIO_Init
 .text.main     0x08001dc8       0x54 ./Core/Src/main.o
                0x08001dc8                main
 .text.SystemClock_Config
                0x08001e1c       0xe4 ./Core/Src/main.o
                0x08001e1c                SystemClock_Config
 .text.Error_Handler
                0x08001f00        0xc ./Core/Src/main.o
                0x08001f00                Error_Handler
 .text.MX_SPI2_Init
                0x08001f0c       0x6c ./Core/Src/spi.o
                0x08001f0c                MX_SPI2_Init
 .text.HAL_SPI_MspInit
                0x08001f78       0x90 ./Core/Src/spi.o
                0x08001f78                HAL_SPI_MspInit
 .text.HAL_MspInit
                0x08002008       0x50 ./Core/Src/stm32f4xx_hal_msp.o
                0x08002008                HAL_MspInit
 .text.NMI_Handler
                0x08002058        0x8 ./Core/Src/stm32f4xx_it.o
                0x08002058                NMI_Handler
 .text.HardFault_Handler
                0x08002060        0x8 ./Core/Src/stm32f4xx_it.o
                0x08002060                HardFault_Handler
 .text.MemManage_Handler
                0x08002068        0x8 ./Core/Src/stm32f4xx_it.o
                0x08002068                MemManage_Handler
 .text.BusFault_Handler
                0x08002070        0x8 ./Core/Src/stm32f4xx_it.o
                0x08002070                BusFault_Handler
 .text.UsageFault_Handler
                0x08002078        0x8 ./Core/Src/stm32f4xx_it.o
                0x08002078                UsageFault_Handler
 .text.SVC_Handler
                0x08002080        0xe ./Core/Src/stm32f4xx_it.o
                0x08002080                SVC_Handler
 .text.DebugMon_Handler
                0x0800208e        0xe ./Core/Src/stm32f4xx_it.o
                0x0800208e                DebugMon_Handler
 .text.PendSV_Handler
                0x0800209c        0xe ./Core/Src/stm32f4xx_it.o
                0x0800209c                PendSV_Handler
 .text.SysTick_Handler
                0x080020aa        0xc ./Core/Src/stm32f4xx_it.o
                0x080020aa                SysTick_Handler
 .text.EXTI4_IRQHandler
                0x080020b6        0xe ./Core/Src/stm32f4xx_it.o
                0x080020b6                EXTI4_IRQHandler
 .text.DMA1_Stream2_IRQHandler
                0x080020c4       0x14 ./Core/Src/stm32f4xx_it.o
                0x080020c4                DMA1_Stream2_IRQHandler
 .text.DMA1_Stream4_IRQHandler
                0x080020d8       0x14 ./Core/Src/stm32f4xx_it.o
                0x080020d8                DMA1_Stream4_IRQHandler
 .text.DMA1_Stream6_IRQHandler
                0x080020ec       0x14 ./Core/Src/stm32f4xx_it.o
                0x080020ec                DMA1_Stream6_IRQHandler
 .text.EXTI9_5_IRQHandler
                0x08002100        0xe ./Core/Src/stm32f4xx_it.o
                0x08002100                EXTI9_5_IRQHandler
 *fill*         0x0800210e        0x2 
 .text.USART2_IRQHandler
                0x08002110       0x14 ./Core/Src/stm32f4xx_it.o
                0x08002110                USART2_IRQHandler
 .text.UART4_IRQHandler
                0x08002124       0x14 ./Core/Src/stm32f4xx_it.o
                0x08002124                UART4_IRQHandler
 .text.TIM6_DAC_IRQHandler
                0x08002138       0x18 ./Core/Src/stm32f4xx_it.o
                0x08002138                TIM6_DAC_IRQHandler
 .text._sbrk    0x08002150       0x6c ./Core/Src/sysmem.o
                0x08002150                _sbrk
 .text.SystemInit
                0x080021bc       0x24 ./Core/Src/system_stm32f4xx.o
                0x080021bc                SystemInit
 .text.MX_TIM1_Init
                0x080021e0       0xa0 ./Core/Src/tim.o
                0x080021e0                MX_TIM1_Init
 .text.MX_TIM2_Init
                0x08002280       0x98 ./Core/Src/tim.o
                0x08002280                MX_TIM2_Init
 .text.MX_TIM3_Init
                0x08002318      0x118 ./Core/Src/tim.o
                0x08002318                MX_TIM3_Init
 .text.MX_TIM6_Init
                0x08002430       0x6c ./Core/Src/tim.o
                0x08002430                MX_TIM6_Init
 .text.MX_TIM8_Init
                0x0800249c      0x13c ./Core/Src/tim.o
                0x0800249c                MX_TIM8_Init
 .text.HAL_TIM_Base_MspInit
                0x080025d8       0xfc ./Core/Src/tim.o
                0x080025d8                HAL_TIM_Base_MspInit
 .text.HAL_TIM_MspPostInit
                0x080026d4       0xc4 ./Core/Src/tim.o
                0x080026d4                HAL_TIM_MspPostInit
 .text.MX_UART4_Init
                0x08002798       0x54 ./Core/Src/usart.o
                0x08002798                MX_UART4_Init
 .text.MX_UART5_Init
                0x080027ec       0x54 ./Core/Src/usart.o
                0x080027ec                MX_UART5_Init
 .text.MX_USART2_UART_Init
                0x08002840       0x54 ./Core/Src/usart.o
                0x08002840                MX_USART2_UART_Init
 .text.HAL_UART_MspInit
                0x08002894      0x2fc ./Core/Src/usart.o
                0x08002894                HAL_UART_MspInit
 .text.Reset_Handler
                0x08002b90       0x50 ./Core/Startup/startup_stm32f446retx.o
                0x08002b90                Reset_Handler
 .text.Default_Handler
                0x08002be0        0x2 ./Core/Startup/startup_stm32f446retx.o
                0x08002be0                RTC_Alarm_IRQHandler
                0x08002be0                EXTI2_IRQHandler
                0x08002be0                TIM8_CC_IRQHandler
                0x08002be0                FMPI2C1_EV_IRQHandler
                0x08002be0                SPI4_IRQHandler
                0x08002be0                TIM1_CC_IRQHandler
                0x08002be0                DMA2_Stream5_IRQHandler
                0x08002be0                DMA1_Stream5_IRQHandler
                0x08002be0                PVD_IRQHandler
                0x08002be0                SDIO_IRQHandler
                0x08002be0                TAMP_STAMP_IRQHandler
                0x08002be0                CAN2_RX1_IRQHandler
                0x08002be0                EXTI3_IRQHandler
                0x08002be0                TIM8_TRG_COM_TIM14_IRQHandler
                0x08002be0                TIM1_UP_TIM10_IRQHandler
                0x08002be0                TIM8_UP_TIM13_IRQHandler
                0x08002be0                I2C3_ER_IRQHandler
                0x08002be0                EXTI0_IRQHandler
                0x08002be0                I2C2_EV_IRQHandler
                0x08002be0                CAN1_RX0_IRQHandler
                0x08002be0                FPU_IRQHandler
                0x08002be0                OTG_HS_WKUP_IRQHandler
                0x08002be0                CAN2_SCE_IRQHandler
                0x08002be0                DMA2_Stream2_IRQHandler
                0x08002be0                SPI1_IRQHandler
                0x08002be0                TIM1_BRK_TIM9_IRQHandler
                0x08002be0                DCMI_IRQHandler
                0x08002be0                CAN2_RX0_IRQHandler
                0x08002be0                DMA2_Stream3_IRQHandler
                0x08002be0                SAI2_IRQHandler
                0x08002be0                USART6_IRQHandler
                0x08002be0                USART3_IRQHandler
                0x08002be0                CAN1_RX1_IRQHandler
                0x08002be0                UART5_IRQHandler
                0x08002be0                DMA2_Stream0_IRQHandler
                0x08002be0                TIM4_IRQHandler
                0x08002be0                QUADSPI_IRQHandler
                0x08002be0                I2C1_EV_IRQHandler
                0x08002be0                DMA1_Stream1_IRQHandler
                0x08002be0                TIM3_IRQHandler
                0x08002be0                RCC_IRQHandler
                0x08002be0                TIM8_BRK_TIM12_IRQHandler
                0x08002be0                Default_Handler
                0x08002be0                CEC_IRQHandler
                0x08002be0                EXTI15_10_IRQHandler
                0x08002be0                ADC_IRQHandler
                0x08002be0                DMA1_Stream7_IRQHandler
                0x08002be0                TIM7_IRQHandler
                0x08002be0                CAN2_TX_IRQHandler
                0x08002be0                TIM5_IRQHandler
                0x08002be0                DMA2_Stream7_IRQHandler
                0x08002be0                I2C3_EV_IRQHandler
                0x08002be0                RTC_WKUP_IRQHandler
                0x08002be0                SPDIF_RX_IRQHandler
                0x08002be0                SPI2_IRQHandler
                0x08002be0                OTG_HS_EP1_IN_IRQHandler
                0x08002be0                DMA1_Stream0_IRQHandler
                0x08002be0                CAN1_TX_IRQHandler
                0x08002be0                FMPI2C1_ER_IRQHandler
                0x08002be0                OTG_HS_EP1_OUT_IRQHandler
                0x08002be0                WWDG_IRQHandler
                0x08002be0                TIM2_IRQHandler
                0x08002be0                OTG_FS_WKUP_IRQHandler
                0x08002be0                TIM1_TRG_COM_TIM11_IRQHandler
                0x08002be0                OTG_HS_IRQHandler
                0x08002be0                EXTI1_IRQHandler
                0x08002be0                I2C2_ER_IRQHandler
                0x08002be0                DMA2_Stream1_IRQHandler
                0x08002be0                CAN1_SCE_IRQHandler
                0x08002be0                FLASH_IRQHandler
                0x08002be0                DMA2_Stream4_IRQHandler
                0x08002be0                USART1_IRQHandler
                0x08002be0                OTG_FS_IRQHandler
                0x08002be0                SPI3_IRQHandler
                0x08002be0                I2C1_ER_IRQHandler
                0x08002be0                FMC_IRQHandler
                0x08002be0                DMA2_Stream6_IRQHandler
                0x08002be0                SAI1_IRQHandler
                0x08002be0                DMA1_Stream3_IRQHandler
 *fill*         0x08002be2        0x2 
 .text.HAL_Init
                0x08002be4       0x44 ./Drivers/STM32F4xx_HAL_Driver/Src/stm32f4xx_hal.o
                0x08002be4                HAL_Init
 .text.HAL_InitTick
                0x08002c28       0x60 ./Drivers/STM32F4xx_HAL_Driver/Src/stm32f4xx_hal.o
                0x08002c28                HAL_InitTick
 .text.HAL_IncTick
                0x08002c88       0x28 ./Drivers/STM32F4xx_HAL_Driver/Src/stm32f4xx_hal.o
                0x08002c88                HAL_IncTick
 .text.HAL_GetTick
                0x08002cb0       0x18 ./Drivers/STM32F4xx_HAL_Driver/Src/stm32f4xx_hal.o
                0x08002cb0                HAL_GetTick
 .text.HAL_Delay
                0x08002cc8       0x48 ./Drivers/STM32F4xx_HAL_Driver/Src/stm32f4xx_hal.o
                0x08002cc8                HAL_Delay
 .text.HAL_ADC_Init
                0x08002d10       0x86 ./Drivers/STM32F4xx_HAL_Driver/Src/stm32f4xx_hal_adc.o
                0x08002d10                HAL_ADC_Init
 *fill*         0x08002d96        0x2 
 .text.HAL_ADC_ConfigChannel
                0x08002d98      0x264 ./Drivers/STM32F4xx_HAL_Driver/Src/stm32f4xx_hal_adc.o
                0x08002d98                HAL_ADC_ConfigChannel
 .text.ADC_Init
                0x08002ffc      0x1f8 ./Drivers/STM32F4xx_HAL_Driver/Src/stm32f4xx_hal_adc.o
 .text.__NVIC_SetPriorityGrouping
                0x080031f4       0x48 ./Drivers/STM32F4xx_HAL_Driver/Src/stm32f4xx_hal_cortex.o
 .text.__NVIC_GetPriorityGrouping
                0x0800323c       0x1c ./Drivers/STM32F4xx_HAL_Driver/Src/stm32f4xx_hal_cortex.o
 .text.__NVIC_EnableIRQ
                0x08003258       0x3c ./Drivers/STM32F4xx_HAL_Driver/Src/stm32f4xx_hal_cortex.o
 .text.__NVIC_SetPriority
                0x08003294       0x54 ./Drivers/STM32F4xx_HAL_Driver/Src/stm32f4xx_hal_cortex.o
 .text.NVIC_EncodePriority
                0x080032e8       0x66 ./Drivers/STM32F4xx_HAL_Driver/Src/stm32f4xx_hal_cortex.o
 *fill*         0x0800334e        0x2 
 .text.SysTick_Config
                0x08003350       0x44 ./Drivers/STM32F4xx_HAL_Driver/Src/stm32f4xx_hal_cortex.o
 .text.HAL_NVIC_SetPriorityGrouping
                0x08003394       0x16 ./Drivers/STM32F4xx_HAL_Driver/Src/stm32f4xx_hal_cortex.o
                0x08003394                HAL_NVIC_SetPriorityGrouping
 .text.HAL_NVIC_SetPriority
                0x080033aa       0x38 ./Drivers/STM32F4xx_HAL_Driver/Src/stm32f4xx_hal_cortex.o
                0x080033aa                HAL_NVIC_SetPriority
 .text.HAL_NVIC_EnableIRQ
                0x080033e2       0x1c ./Drivers/STM32F4xx_HAL_Driver/Src/stm32f4xx_hal_cortex.o
                0x080033e2                HAL_NVIC_EnableIRQ
 .text.HAL_SYSTICK_Config
                0x080033fe       0x18 ./Drivers/STM32F4xx_HAL_Driver/Src/stm32f4xx_hal_cortex.o
                0x080033fe                HAL_SYSTICK_Config
 *fill*         0x08003416        0x2 
 .text.HAL_DMA_Init
                0x08003418      0x15c ./Drivers/STM32F4xx_HAL_Driver/Src/stm32f4xx_hal_dma.o
                0x08003418                HAL_DMA_Init
 .text.HAL_DMA_Start_IT
                0x08003574       0xb0 ./Drivers/STM32F4xx_HAL_Driver/Src/stm32f4xx_hal_dma.o
                0x08003574                HAL_DMA_Start_IT
 .text.HAL_DMA_Abort
                0x08003624       0xe0 ./Drivers/STM32F4xx_HAL_Driver/Src/stm32f4xx_hal_dma.o
                0x08003624                HAL_DMA_Abort
 .text.HAL_DMA_Abort_IT
                0x08003704       0x44 ./Drivers/STM32F4xx_HAL_Driver/Src/stm32f4xx_hal_dma.o
                0x08003704                HAL_DMA_Abort_IT
 .text.HAL_DMA_IRQHandler
                0x08003748      0x314 ./Drivers/STM32F4xx_HAL_Driver/Src/stm32f4xx_hal_dma.o
                0x08003748                HAL_DMA_IRQHandler
 .text.DMA_SetConfig
                0x08003a5c       0x5c ./Drivers/STM32F4xx_HAL_Driver/Src/stm32f4xx_hal_dma.o
 .text.DMA_CalcBaseAndBitshift
                0x08003ab8       0x6c ./Drivers/STM32F4xx_HAL_Driver/Src/stm32f4xx_hal_dma.o
 .text.DMA_CheckFifoParam
                0x08003b24       0xf8 ./Drivers/STM32F4xx_HAL_Driver/Src/stm32f4xx_hal_dma.o
 .text.HAL_GPIO_Init
                0x08003c1c      0x328 ./Drivers/STM32F4xx_HAL_Driver/Src/stm32f4xx_hal_gpio.o
                0x08003c1c                HAL_GPIO_Init
 .text.HAL_GPIO_WritePin
                0x08003f44       0x32 ./Drivers/STM32F4xx_HAL_Driver/Src/stm32f4xx_hal_gpio.o
                0x08003f44                HAL_GPIO_WritePin
 *fill*         0x08003f76        0x2 
 .text.HAL_GPIO_EXTI_IRQHandler
                0x08003f78       0x30 ./Drivers/STM32F4xx_HAL_Driver/Src/stm32f4xx_hal_gpio.o
                0x08003f78                HAL_GPIO_EXTI_IRQHandler
 .text.HAL_GPIO_EXTI_Callback
                0x08003fa8       0x16 ./Drivers/STM32F4xx_HAL_Driver/Src/stm32f4xx_hal_gpio.o
                0x08003fa8                HAL_GPIO_EXTI_Callback
 *fill*         0x08003fbe        0x2 
 .text.HAL_PWREx_EnableOverDrive
                0x08003fc0       0xa0 ./Drivers/STM32F4xx_HAL_Driver/Src/stm32f4xx_hal_pwr_ex.o
                0x08003fc0                HAL_PWREx_EnableOverDrive
 .text.HAL_RCC_ClockConfig
                0x08004060      0x1cc ./Drivers/STM32F4xx_HAL_Driver/Src/stm32f4xx_hal_rcc.o
                0x08004060                HAL_RCC_ClockConfig
 .text.HAL_RCC_GetHCLKFreq
                0x0800422c       0x18 ./Drivers/STM32F4xx_HAL_Driver/Src/stm32f4xx_hal_rcc.o
                0x0800422c                HAL_RCC_GetHCLKFreq
 .text.HAL_RCC_GetPCLK1Freq
                0x08004244       0x28 ./Drivers/STM32F4xx_HAL_Driver/Src/stm32f4xx_hal_rcc.o
                0x08004244                HAL_RCC_GetPCLK1Freq
 .text.HAL_RCC_GetPCLK2Freq
                0x0800426c       0x28 ./Drivers/STM32F4xx_HAL_Driver/Src/stm32f4xx_hal_rcc.o
                0x0800426c                HAL_RCC_GetPCLK2Freq
 .text.HAL_RCC_GetSysClockFreq
                0x08004294      0x460 ./Drivers/STM32F4xx_HAL_Driver/Src/stm32f4xx_hal_rcc_ex.o
                0x08004294                HAL_RCC_GetSysClockFreq
 .text.HAL_RCC_OscConfig
                0x080046f4      0x53c ./Drivers/STM32F4xx_HAL_Driver/Src/stm32f4xx_hal_rcc_ex.o
                0x080046f4                HAL_RCC_OscConfig
 .text.HAL_SPI_Init
                0x08004c30      0x112 ./Drivers/STM32F4xx_HAL_Driver/Src/stm32f4xx_hal_spi.o
                0x08004c30                HAL_SPI_Init
 .text.HAL_SPI_Transmit
                0x08004d42      0x286 ./Drivers/STM32F4xx_HAL_Driver/Src/stm32f4xx_hal_spi.o
                0x08004d42                HAL_SPI_Transmit
 .text.HAL_SPI_Receive
                0x08004fc8      0x230 ./Drivers/STM32F4xx_HAL_Driver/Src/stm32f4xx_hal_spi.o
                0x08004fc8                HAL_SPI_Receive
 .text.HAL_SPI_TransmitReceive
                0x080051f8      0x360 ./Drivers/STM32F4xx_HAL_Driver/Src/stm32f4xx_hal_spi.o
                0x080051f8                HAL_SPI_TransmitReceive
 .text.HAL_SPI_GetState
                0x08005558       0x1c ./Drivers/STM32F4xx_HAL_Driver/Src/stm32f4xx_hal_spi.o
                0x08005558                HAL_SPI_GetState
 .text.SPI_WaitFlagStateUntilTimeout
                0x08005574      0x110 ./Drivers/STM32F4xx_HAL_Driver/Src/stm32f4xx_hal_spi.o
 .text.SPI_EndRxTransaction
                0x08005684       0xca ./Drivers/STM32F4xx_HAL_Driver/Src/stm32f4xx_hal_spi.o
 *fill*         0x0800574e        0x2 
 .text.SPI_EndRxTxTransaction
                0x08005750       0xa8 ./Drivers/STM32F4xx_HAL_Driver/Src/stm32f4xx_hal_spi.o
 .text.HAL_TIM_Base_Init
                0x080057f8       0x9e ./Drivers/STM32F4xx_HAL_Driver/Src/stm32f4xx_hal_tim.o
                0x080057f8                HAL_TIM_Base_Init
 *fill*         0x08005896        0x2 
 .text.HAL_TIM_Base_Start_IT
                0x08005898       0xe0 ./Drivers/STM32F4xx_HAL_Driver/Src/stm32f4xx_hal_tim.o
                0x08005898                HAL_TIM_Base_Start_IT
 .text.HAL_TIM_Base_Stop_IT
                0x08005978       0x5e ./Drivers/STM32F4xx_HAL_Driver/Src/stm32f4xx_hal_tim.o
                0x08005978                HAL_TIM_Base_Stop_IT
 .text.HAL_TIM_OC_Init
                0x080059d6       0x9e ./Drivers/STM32F4xx_HAL_Driver/Src/stm32f4xx_hal_tim.o
                0x080059d6                HAL_TIM_OC_Init
 .text.HAL_TIM_OC_MspInit
                0x08005a74       0x14 ./Drivers/STM32F4xx_HAL_Driver/Src/stm32f4xx_hal_tim.o
                0x08005a74                HAL_TIM_OC_MspInit
 .text.HAL_TIM_PWM_Init
                0x08005a88       0x9e ./Drivers/STM32F4xx_HAL_Driver/Src/stm32f4xx_hal_tim.o
                0x08005a88                HAL_TIM_PWM_Init
 .text.HAL_TIM_PWM_MspInit
                0x08005b26       0x14 ./Drivers/STM32F4xx_HAL_Driver/Src/stm32f4xx_hal_tim.o
                0x08005b26                HAL_TIM_PWM_MspInit
 .text.HAL_TIM_IRQHandler
                0x08005b3a      0x1e0 ./Drivers/STM32F4xx_HAL_Driver/Src/stm32f4xx_hal_tim.o
                0x08005b3a                HAL_TIM_IRQHandler
 *fill*         0x08005d1a        0x2 
 .text.HAL_TIM_OC_ConfigChannel
                0x08005d1c       0xb8 ./Drivers/STM32F4xx_HAL_Driver/Src/stm32f4xx_hal_tim.o
                0x08005d1c                HAL_TIM_OC_ConfigChannel
 .text.HAL_TIM_PWM_ConfigChannel
                0x08005dd4      0x184 ./Drivers/STM32F4xx_HAL_Driver/Src/stm32f4xx_hal_tim.o
                0x08005dd4                HAL_TIM_PWM_ConfigChannel
 .text.HAL_TIM_ConfigClockSource
                0x08005f58      0x18e ./Drivers/STM32F4xx_HAL_Driver/Src/stm32f4xx_hal_tim.o
                0x08005f58                HAL_TIM_ConfigClockSource
 .text.HAL_TIM_PeriodElapsedCallback
                0x080060e6       0x14 ./Drivers/STM32F4xx_HAL_Driver/Src/stm32f4xx_hal_tim.o
                0x080060e6                HAL_TIM_PeriodElapsedCallback
 .text.HAL_TIM_OC_DelayElapsedCallback
                0x080060fa       0x14 ./Drivers/STM32F4xx_HAL_Driver/Src/stm32f4xx_hal_tim.o
                0x080060fa                HAL_TIM_OC_DelayElapsedCallback
 .text.HAL_TIM_IC_CaptureCallback
                0x0800610e       0x14 ./Drivers/STM32F4xx_HAL_Driver/Src/stm32f4xx_hal_tim.o
                0x0800610e                HAL_TIM_IC_CaptureCallback
 .text.HAL_TIM_PWM_PulseFinishedCallback
                0x08006122       0x14 ./Drivers/STM32F4xx_HAL_Driver/Src/stm32f4xx_hal_tim.o
                0x08006122                HAL_TIM_PWM_PulseFinishedCallback
 .text.HAL_TIM_TriggerCallback
                0x08006136       0x14 ./Drivers/STM32F4xx_HAL_Driver/Src/stm32f4xx_hal_tim.o
                0x08006136                HAL_TIM_TriggerCallback
 *fill*         0x0800614a        0x2 
 .text.TIM_Base_SetConfig
                0x0800614c      0x158 ./Drivers/STM32F4xx_HAL_Driver/Src/stm32f4xx_hal_tim.o
                0x0800614c                TIM_Base_SetConfig
 .text.TIM_OC1_SetConfig
                0x080062a4       0xe0 ./Drivers/STM32F4xx_HAL_Driver/Src/stm32f4xx_hal_tim.o
 .text.TIM_OC2_SetConfig
                0x08006384       0xec ./Drivers/STM32F4xx_HAL_Driver/Src/stm32f4xx_hal_tim.o
                0x08006384                TIM_OC2_SetConfig
 .text.TIM_OC3_SetConfig
                0x08006470       0xe8 ./Drivers/STM32F4xx_HAL_Driver/Src/stm32f4xx_hal_tim.o
 .text.TIM_OC4_SetConfig
                0x08006558       0xac ./Drivers/STM32F4xx_HAL_Driver/Src/stm32f4xx_hal_tim.o
 .text.TIM_TI1_ConfigInputStage
                0x08006604       0x5e ./Drivers/STM32F4xx_HAL_Driver/Src/stm32f4xx_hal_tim.o
 .text.TIM_TI2_ConfigInputStage
                0x08006662       0x60 ./Drivers/STM32F4xx_HAL_Driver/Src/stm32f4xx_hal_tim.o
 .text.TIM_ITRx_SetConfig
                0x080066c2       0x36 ./Drivers/STM32F4xx_HAL_Driver/Src/stm32f4xx_hal_tim.o
 .text.TIM_ETR_SetConfig
                0x080066f8       0x40 ./Drivers/STM32F4xx_HAL_Driver/Src/stm32f4xx_hal_tim.o
                0x080066f8                TIM_ETR_SetConfig
 .text.HAL_TIMEx_MasterConfigSynchronization
                0x08006738       0xf8 ./Drivers/STM32F4xx_HAL_Driver/Src/stm32f4xx_hal_tim_ex.o
                0x08006738                HAL_TIMEx_MasterConfigSynchronization
 .text.HAL_TIMEx_ConfigBreakDeadTime
                0x08006830       0xa4 ./Drivers/STM32F4xx_HAL_Driver/Src/stm32f4xx_hal_tim_ex.o
                0x08006830                HAL_TIMEx_ConfigBreakDeadTime
 .text.HAL_TIMEx_CommutCallback
                0x080068d4       0x14 ./Drivers/STM32F4xx_HAL_Driver/Src/stm32f4xx_hal_tim_ex.o
                0x080068d4                HAL_TIMEx_CommutCallback
 .text.HAL_TIMEx_BreakCallback
                0x080068e8       0x14 ./Drivers/STM32F4xx_HAL_Driver/Src/stm32f4xx_hal_tim_ex.o
                0x080068e8                HAL_TIMEx_BreakCallback
 .text.HAL_UART_Init
                0x080068fc       0xa0 ./Drivers/STM32F4xx_HAL_Driver/Src/stm32f4xx_hal_uart.o
                0x080068fc                HAL_UART_Init
 .text.HAL_UART_Receive_IT
                0x0800699c       0x4a ./Drivers/STM32F4xx_HAL_Driver/Src/stm32f4xx_hal_uart.o
                0x0800699c                HAL_UART_Receive_IT
 *fill*         0x080069e6        0x2 
 .text.HAL_UART_Transmit_DMA
                0x080069e8       0xe0 ./Drivers/STM32F4xx_HAL_Driver/Src/stm32f4xx_hal_uart.o
                0x080069e8                HAL_UART_Transmit_DMA
 .text.HAL_UART_AbortReceive_IT
                0x08006ac8      0x164 ./Drivers/STM32F4xx_HAL_Driver/Src/stm32f4xx_hal_uart.o
                0x08006ac8                HAL_UART_AbortReceive_IT
 .text.HAL_UART_IRQHandler
                0x08006c2c      0x524 ./Drivers/STM32F4xx_HAL_Driver/Src/stm32f4xx_hal_uart.o
                0x08006c2c                HAL_UART_IRQHandler
 .text.HAL_UART_TxCpltCallback
                0x08007150       0x14 ./Drivers/STM32F4xx_HAL_Driver/Src/stm32f4xx_hal_uart.o
                0x08007150                HAL_UART_TxCpltCallback
 .text.HAL_UART_TxHalfCpltCallback
                0x08007164       0x14 ./Drivers/STM32F4xx_HAL_Driver/Src/stm32f4xx_hal_uart.o
                0x08007164                HAL_UART_TxHalfCpltCallback
 .text.HAL_UART_ErrorCallback
                0x08007178       0x14 ./Drivers/STM32F4xx_HAL_Driver/Src/stm32f4xx_hal_uart.o
                0x08007178                HAL_UART_ErrorCallback
 .text.HAL_UART_AbortReceiveCpltCallback
                0x0800718c       0x14 ./Drivers/STM32F4xx_HAL_Driver/Src/stm32f4xx_hal_uart.o
                0x0800718c                HAL_UART_AbortReceiveCpltCallback
 .text.HAL_UARTEx_RxEventCallback
                0x080071a0       0x18 ./Drivers/STM32F4xx_HAL_Driver/Src/stm32f4xx_hal_uart.o
                0x080071a0                HAL_UARTEx_RxEventCallback
 .text.UART_DMATransmitCplt
                0x080071b8       0x9a ./Drivers/STM32F4xx_HAL_Driver/Src/stm32f4xx_hal_uart.o
 .text.UART_DMATxHalfCplt
                0x08007252       0x1c ./Drivers/STM32F4xx_HAL_Driver/Src/stm32f4xx_hal_uart.o
 .text.UART_DMAError
                0x0800726e       0x94 ./Drivers/STM32F4xx_HAL_Driver/Src/stm32f4xx_hal_uart.o
 .text.UART_Start_Receive_IT
                0x08007302       0x74 ./Drivers/STM32F4xx_HAL_Driver/Src/stm32f4xx_hal_uart.o
                0x08007302                UART_Start_Receive_IT
 .text.UART_EndTxTransfer
                0x08007376       0x50 ./Drivers/STM32F4xx_HAL_Driver/Src/stm32f4xx_hal_uart.o
 .text.UART_EndRxTransfer
                0x080073c6       0xc6 ./Drivers/STM32F4xx_HAL_Driver/Src/stm32f4xx_hal_uart.o
 .text.UART_DMAAbortOnError
                0x0800748c       0x28 ./Drivers/STM32F4xx_HAL_Driver/Src/stm32f4xx_hal_uart.o
 .text.UART_DMARxOnlyAbortCallback
                0x080074b4       0x30 ./Drivers/STM32F4xx_HAL_Driver/Src/stm32f4xx_hal_uart.o
 .text.UART_Transmit_IT
                0x080074e4       0xa0 ./Drivers/STM32F4xx_HAL_Driver/Src/stm32f4xx_hal_uart.o
 .text.UART_EndTransmit_IT
                0x08007584       0x30 ./Drivers/STM32F4xx_HAL_Driver/Src/stm32f4xx_hal_uart.o
 .text.UART_Receive_IT
                0x080075b4      0x17c ./Drivers/STM32F4xx_HAL_Driver/Src/stm32f4xx_hal_uart.o
 .text.UART_SetConfig
                0x08007730      0x4e8 ./Drivers/STM32F4xx_HAL_Driver/Src/stm32f4xx_hal_uart.o
 .text.sprintf  0x08007c18       0x40 /opt/stm32cubeide/plugins/com.st.stm32cube.ide.mcu.externaltools.gnu-tools-for-stm32.12.3.rel1.linux64_1.0.100.202403111256/tools/bin/../lib/gcc/arm-none-eabi/12.3.1/../../../../arm-none-eabi/lib/thumb/v7e-m+fp/hard/libc_nano.a(libc_a-sprintf.o)
                0x08007c18                sprintf
                0x08007c18                siprintf
 .text.memset   0x08007c58       0x10 /opt/stm32cubeide/plugins/com.st.stm32cube.ide.mcu.externaltools.gnu-tools-for-stm32.12.3.rel1.linux64_1.0.100.202403111256/tools/bin/../lib/gcc/arm-none-eabi/12.3.1/../../../../arm-none-eabi/lib/thumb/v7e-m+fp/hard/libc_nano.a(libc_a-memset.o)
                0x08007c58                memset
 .text.strncpy  0x08007c68       0x26 /opt/stm32cubeide/plugins/com.st.stm32cube.ide.mcu.externaltools.gnu-tools-for-stm32.12.3.rel1.linux64_1.0.100.202403111256/tools/bin/../lib/gcc/arm-none-eabi/12.3.1/../../../../arm-none-eabi/lib/thumb/v7e-m+fp/hard/libc_nano.a(libc_a-strncpy.o)
                0x08007c68                strncpy
 *fill*         0x08007c8e        0x2 
 .text.__errno  0x08007c90        0xc /opt/stm32cubeide/plugins/com.st.stm32cube.ide.mcu.externaltools.gnu-tools-for-stm32.12.3.rel1.linux64_1.0.100.202403111256/tools/bin/../lib/gcc/arm-none-eabi/12.3.1/../../../../arm-none-eabi/lib/thumb/v7e-m+fp/hard/libc_nano.a(libc_a-errno.o)
                0x08007c90                __errno
 .text.__libc_init_array
                0x08007c9c       0x48 /opt/stm32cubeide/plugins/com.st.stm32cube.ide.mcu.externaltools.gnu-tools-for-stm32.12.3.rel1.linux64_1.0.100.202403111256/tools/bin/../lib/gcc/arm-none-eabi/12.3.1/../../../../arm-none-eabi/lib/thumb/v7e-m+fp/hard/libc_nano.a(libc_a-init.o)
                0x08007c9c                __libc_init_array
 .text.__retarget_lock_acquire_recursive
                0x08007ce4        0x2 /opt/stm32cubeide/plugins/com.st.stm32cube.ide.mcu.externaltools.gnu-tools-for-stm32.12.3.rel1.linux64_1.0.100.202403111256/tools/bin/../lib/gcc/arm-none-eabi/12.3.1/../../../../arm-none-eabi/lib/thumb/v7e-m+fp/hard/libc_nano.a(libc_a-lock.o)
                0x08007ce4                __retarget_lock_acquire_recursive
 .text.__retarget_lock_release_recursive
                0x08007ce6        0x2 /opt/stm32cubeide/plugins/com.st.stm32cube.ide.mcu.externaltools.gnu-tools-for-stm32.12.3.rel1.linux64_1.0.100.202403111256/tools/bin/../lib/gcc/arm-none-eabi/12.3.1/../../../../arm-none-eabi/lib/thumb/v7e-m+fp/hard/libc_nano.a(libc_a-lock.o)
                0x08007ce6                __retarget_lock_release_recursive
 .text.strcpy   0x08007ce8       0x10 /opt/stm32cubeide/plugins/com.st.stm32cube.ide.mcu.externaltools.gnu-tools-for-stm32.12.3.rel1.linux64_1.0.100.202403111256/tools/bin/../lib/gcc/arm-none-eabi/12.3.1/../../../../arm-none-eabi/lib/thumb/v7e-m+fp/hard/libc_nano.a(libc_a-strcpy.o)
                0x08007ce8                strcpy
 .text.memcpy   0x08007cf8       0x1c /opt/stm32cubeide/plugins/com.st.stm32cube.ide.mcu.externaltools.gnu-tools-for-stm32.12.3.rel1.linux64_1.0.100.202403111256/tools/bin/../lib/gcc/arm-none-eabi/12.3.1/../../../../arm-none-eabi/lib/thumb/v7e-m+fp/hard/libc_nano.a(libc_a-memcpy-stub.o)
                0x08007cf8                memcpy
 .text._free_r  0x08007d14       0x94 /opt/stm32cubeide/plugins/com.st.stm32cube.ide.mcu.externaltools.gnu-tools-for-stm32.12.3.rel1.linux64_1.0.100.202403111256/tools/bin/../lib/gcc/arm-none-eabi/12.3.1/../../../../arm-none-eabi/lib/thumb/v7e-m+fp/hard/libc_nano.a(libc_a-freer.o)
                0x08007d14                _free_r
 .text.sbrk_aligned
                0x08007da8       0x44 /opt/stm32cubeide/plugins/com.st.stm32cube.ide.mcu.externaltools.gnu-tools-for-stm32.12.3.rel1.linux64_1.0.100.202403111256/tools/bin/../lib/gcc/arm-none-eabi/12.3.1/../../../../arm-none-eabi/lib/thumb/v7e-m+fp/hard/libc_nano.a(libc_a-mallocr.o)
 .text._malloc_r
                0x08007dec      0x100 /opt/stm32cubeide/plugins/com.st.stm32cube.ide.mcu.externaltools.gnu-tools-for-stm32.12.3.rel1.linux64_1.0.100.202403111256/tools/bin/../lib/gcc/arm-none-eabi/12.3.1/../../../../arm-none-eabi/lib/thumb/v7e-m+fp/hard/libc_nano.a(libc_a-mallocr.o)
                0x08007dec                _malloc_r
 .text.__malloc_lock
                0x08007eec        0xc /opt/stm32cubeide/plugins/com.st.stm32cube.ide.mcu.externaltools.gnu-tools-for-stm32.12.3.rel1.linux64_1.0.100.202403111256/tools/bin/../lib/gcc/arm-none-eabi/12.3.1/../../../../arm-none-eabi/lib/thumb/v7e-m+fp/hard/libc_nano.a(libc_a-mlock.o)
                0x08007eec                __malloc_lock
 .text.__malloc_unlock
                0x08007ef8        0xc /opt/stm32cubeide/plugins/com.st.stm32cube.ide.mcu.externaltools.gnu-tools-for-stm32.12.3.rel1.linux64_1.0.100.202403111256/tools/bin/../lib/gcc/arm-none-eabi/12.3.1/../../../../arm-none-eabi/lib/thumb/v7e-m+fp/hard/libc_nano.a(libc_a-mlock.o)
                0x08007ef8                __malloc_unlock
 .text.__ssputs_r
                0x08007f04       0xb6 /opt/stm32cubeide/plugins/com.st.stm32cube.ide.mcu.externaltools.gnu-tools-for-stm32.12.3.rel1.linux64_1.0.100.202403111256/tools/bin/../lib/gcc/arm-none-eabi/12.3.1/../../../../arm-none-eabi/lib/thumb/v7e-m+fp/hard/libc_nano.a(libc_a-nano-svfprintf.o)
                0x08007f04                __ssputs_r
 *fill*         0x08007fba        0x2 
 .text._svfprintf_r
                0x08007fbc      0x1f8 /opt/stm32cubeide/plugins/com.st.stm32cube.ide.mcu.externaltools.gnu-tools-for-stm32.12.3.rel1.linux64_1.0.100.202403111256/tools/bin/../lib/gcc/arm-none-eabi/12.3.1/../../../../arm-none-eabi/lib/thumb/v7e-m+fp/hard/libc_nano.a(libc_a-nano-svfprintf.o)
                0x08007fbc                _svfprintf_r
                0x08007fbc                _svfiprintf_r
 .text._printf_common
                0x080081b4       0xda /opt/stm32cubeide/plugins/com.st.stm32cube.ide.mcu.externaltools.gnu-tools-for-stm32.12.3.rel1.linux64_1.0.100.202403111256/tools/bin/../lib/gcc/arm-none-eabi/12.3.1/../../../../arm-none-eabi/lib/thumb/v7e-m+fp/hard/libc_nano.a(libc_a-nano-vfprintf_i.o)
                0x080081b4                _printf_common
 *fill*         0x0800828e        0x2 
 .text._printf_i
                0x08008290      0x240 /opt/stm32cubeide/plugins/com.st.stm32cube.ide.mcu.externaltools.gnu-tools-for-stm32.12.3.rel1.linux64_1.0.100.202403111256/tools/bin/../lib/gcc/arm-none-eabi/12.3.1/../../../../arm-none-eabi/lib/thumb/v7e-m+fp/hard/libc_nano.a(libc_a-nano-vfprintf_i.o)
                0x08008290                _printf_i
 .text.memmove  0x080084d0       0x34 /opt/stm32cubeide/plugins/com.st.stm32cube.ide.mcu.externaltools.gnu-tools-for-stm32.12.3.rel1.linux64_1.0.100.202403111256/tools/bin/../lib/gcc/arm-none-eabi/12.3.1/../../../../arm-none-eabi/lib/thumb/v7e-m+fp/hard/libc_nano.a(libc_a-memmove.o)
                0x080084d0                memmove
 .text._sbrk_r  0x08008504       0x20 /opt/stm32cubeide/plugins/com.st.stm32cube.ide.mcu.externaltools.gnu-tools-for-stm32.12.3.rel1.linux64_1.0.100.202403111256/tools/bin/../lib/gcc/arm-none-eabi/12.3.1/../../../../arm-none-eabi/lib/thumb/v7e-m+fp/hard/libc_nano.a(libc_a-sbrkr.o)
                0x08008504                _sbrk_r
 .text._realloc_r
                0x08008524       0x5c /opt/stm32cubeide/plugins/com.st.stm32cube.ide.mcu.externaltools.gnu-tools-for-stm32.12.3.rel1.linux64_1.0.100.202403111256/tools/bin/../lib/gcc/arm-none-eabi/12.3.1/../../../../arm-none-eabi/lib/thumb/v7e-m+fp/hard/libc_nano.a(libc_a-reallocr.o)
                0x08008524                _realloc_r
 .text._malloc_usable_size_r
                0x08008580       0x10 /opt/stm32cubeide/plugins/com.st.stm32cube.ide.mcu.externaltools.gnu-tools-for-stm32.12.3.rel1.linux64_1.0.100.202403111256/tools/bin/../lib/gcc/arm-none-eabi/12.3.1/../../../../arm-none-eabi/lib/thumb/v7e-m+fp/hard/libc_nano.a(libc_a-msizer.o)
                0x08008580                _malloc_usable_size_r
 *(.glue_7)
 .glue_7        0x08008590        0x0 linker stubs
 *(.glue_7t)
 .glue_7t       0x08008590        0x0 linker stubs
 *(.eh_frame)
 .eh_frame      0x08008590        0x0 /opt/stm32cubeide/plugins/com.st.stm32cube.ide.mcu.externaltools.gnu-tools-for-stm32.12.3.rel1.linux64_1.0.100.202403111256/tools/bin/../lib/gcc/arm-none-eabi/12.3.1/thumb/v7e-m+fp/hard/crtbegin.o
 *(.init)
 .init          0x08008590        0x4 /opt/stm32cubeide/plugins/com.st.stm32cube.ide.mcu.externaltools.gnu-tools-for-stm32.12.3.rel1.linux64_1.0.100.202403111256/tools/bin/../lib/gcc/arm-none-eabi/12.3.1/thumb/v7e-m+fp/hard/crti.o
                0x08008590                _init
 .init          0x08008594        0x8 /opt/stm32cubeide/plugins/com.st.stm32cube.ide.mcu.externaltools.gnu-tools-for-stm32.12.3.rel1.linux64_1.0.100.202403111256/tools/bin/../lib/gcc/arm-none-eabi/12.3.1/thumb/v7e-m+fp/hard/crtn.o
 *(.fini)
 .fini          0x0800859c        0x4 /opt/stm32cubeide/plugins/com.st.stm32cube.ide.mcu.externaltools.gnu-tools-for-stm32.12.3.rel1.linux64_1.0.100.202403111256/tools/bin/../lib/gcc/arm-none-eabi/12.3.1/thumb/v7e-m+fp/hard/crti.o
                0x0800859c                _fini
 .fini          0x080085a0        0x8 /opt/stm32cubeide/plugins/com.st.stm32cube.ide.mcu.externaltools.gnu-tools-for-stm32.12.3.rel1.linux64_1.0.100.202403111256/tools/bin/../lib/gcc/arm-none-eabi/12.3.1/thumb/v7e-m+fp/hard/crtn.o
                0x080085a8                        . = ALIGN (0x4)
                0x080085a8                        _etext = .

.vfp11_veneer   0x080085a8        0x0
 .vfp11_veneer  0x080085a8        0x0 linker stubs

.v4_bx          0x080085a8        0x0
 .v4_bx         0x080085a8        0x0 linker stubs

.iplt           0x080085a8        0x0
 .iplt          0x080085a8        0x0 /opt/stm32cubeide/plugins/com.st.stm32cube.ide.mcu.externaltools.gnu-tools-for-stm32.12.3.rel1.linux64_1.0.100.202403111256/tools/bin/../lib/gcc/arm-none-eabi/12.3.1/thumb/v7e-m+fp/hard/crtbegin.o

.rodata         0x080085a8      0x138
                0x080085a8                        . = ALIGN (0x4)
 *(.rodata)
 .rodata        0x080085a8       0x50 ./Core/App/LoRa.o
 .rodata        0x080085f8       0x53 ./Core/App/app_statemachine.o
 *fill*         0x0800864b        0x1 
 .rodata        0x0800864c       0x3f ./Core/App/driver_uart.o
 *(.rodata*)
 *fill*         0x0800868b        0x1 
 .rodata.AHBPrescTable
                0x0800868c       0x10 ./Core/Src/system_stm32f4xx.o
                0x0800868c                AHBPrescTable
 .rodata.APBPrescTable
                0x0800869c        0x8 ./Core/Src/system_stm32f4xx.o
                0x0800869c                APBPrescTable
 .rodata.flagBitshiftOffset.0
                0x080086a4        0x8 ./Drivers/STM32F4xx_HAL_Driver/Src/stm32f4xx_hal_dma.o
 .rodata._svfprintf_r.str1.1
                0x080086ac       0x11 /opt/stm32cubeide/plugins/com.st.stm32cube.ide.mcu.externaltools.gnu-tools-for-stm32.12.3.rel1.linux64_1.0.100.202403111256/tools/bin/../lib/gcc/arm-none-eabi/12.3.1/../../../../arm-none-eabi/lib/thumb/v7e-m+fp/hard/libc_nano.a(libc_a-nano-svfprintf.o)
 .rodata._printf_i.str1.1
                0x080086bd       0x22 /opt/stm32cubeide/plugins/com.st.stm32cube.ide.mcu.externaltools.gnu-tools-for-stm32.12.3.rel1.linux64_1.0.100.202403111256/tools/bin/../lib/gcc/arm-none-eabi/12.3.1/../../../../arm-none-eabi/lib/thumb/v7e-m+fp/hard/libc_nano.a(libc_a-nano-vfprintf_i.o)
                0x080086e0                        . = ALIGN (0x4)
 *fill*         0x080086df        0x1 

.ARM.extab      0x080086e0        0x0
                0x080086e0                        . = ALIGN (0x4)
 *(.ARM.extab* .gnu.linkonce.armextab.*)
                0x080086e0                        . = ALIGN (0x4)

.ARM            0x080086e0        0x8
                0x080086e0                        . = ALIGN (0x4)
                0x080086e0                        __exidx_start = .
 *(.ARM.exidx*)
 .ARM.exidx     0x080086e0        0x8 /opt/stm32cubeide/plugins/com.st.stm32cube.ide.mcu.externaltools.gnu-tools-for-stm32.12.3.rel1.linux64_1.0.100.202403111256/tools/bin/../lib/gcc/arm-none-eabi/12.3.1/../../../../arm-none-eabi/lib/thumb/v7e-m+fp/hard/libc_nano.a(libc_a-strlen.o)
 .ARM.exidx     0x080086e8        0x0 /opt/stm32cubeide/plugins/com.st.stm32cube.ide.mcu.externaltools.gnu-tools-for-stm32.12.3.rel1.linux64_1.0.100.202403111256/tools/bin/../lib/gcc/arm-none-eabi/12.3.1/../../../../arm-none-eabi/lib/thumb/v7e-m+fp/hard/libc_nano.a(libc_a-memchr.o)
                                  0x8 (size before relaxing)
 .ARM.exidx     0x080086e8        0x0 /opt/stm32cubeide/plugins/com.st.stm32cube.ide.mcu.externaltools.gnu-tools-for-stm32.12.3.rel1.linux64_1.0.100.202403111256/tools/bin/../lib/gcc/arm-none-eabi/12.3.1/thumb/v7e-m+fp/hard/libgcc.a(_udivmoddi4.o)
                                  0x8 (size before relaxing)
                0x080086e8                        __exidx_end = .
                0x080086e8                        . = ALIGN (0x4)

.rel.dyn        0x080086e8        0x0
 .rel.iplt      0x080086e8        0x0 /opt/stm32cubeide/plugins/com.st.stm32cube.ide.mcu.externaltools.gnu-tools-for-stm32.12.3.rel1.linux64_1.0.100.202403111256/tools/bin/../lib/gcc/arm-none-eabi/12.3.1/thumb/v7e-m+fp/hard/crtbegin.o

.preinit_array  0x080086e8        0x0
                0x080086e8                        . = ALIGN (0x4)
                0x080086e8                        PROVIDE (__preinit_array_start = .)
 *(.preinit_array*)
                0x080086e8                        PROVIDE (__preinit_array_end = .)
                0x080086e8                        . = ALIGN (0x4)

.init_array     0x080086e8        0x4
                0x080086e8                        . = ALIGN (0x4)
                0x080086e8                        PROVIDE (__init_array_start = .)
 *(SORT_BY_NAME(.init_array.*))
 *(.init_array*)
 .init_array    0x080086e8        0x4 /opt/stm32cubeide/plugins/com.st.stm32cube.ide.mcu.externaltools.gnu-tools-for-stm32.12.3.rel1.linux64_1.0.100.202403111256/tools/bin/../lib/gcc/arm-none-eabi/12.3.1/thumb/v7e-m+fp/hard/crtbegin.o
                0x080086ec                        PROVIDE (__init_array_end = .)
                0x080086ec                        . = ALIGN (0x4)

.fini_array     0x080086ec        0x4
                0x080086ec                        . = ALIGN (0x4)
                [!provide]                        PROVIDE (__fini_array_start = .)
 *(SORT_BY_NAME(.fini_array.*))
 *(.fini_array*)
 .fini_array    0x080086ec        0x4 /opt/stm32cubeide/plugins/com.st.stm32cube.ide.mcu.externaltools.gnu-tools-for-stm32.12.3.rel1.linux64_1.0.100.202403111256/tools/bin/../lib/gcc/arm-none-eabi/12.3.1/thumb/v7e-m+fp/hard/crtbegin.o
                [!provide]                        PROVIDE (__fini_array_end = .)
                0x080086f0                        . = ALIGN (0x4)
                0x080086f0                        _sidata = LOADADDR (.data)

.data           0x20000000       0x9c load address 0x080086f0
                0x20000000                        . = ALIGN (0x4)
                0x20000000                        _sdata = .
 *(.data)
 *(.data*)
 .data.FAN1     0x20000000        0x8 ./Core/App/driver_fan.o
                0x20000000                FAN1
 .data.FAN2     0x20000008        0x8 ./Core/App/driver_fan.o
                0x20000008                FAN2
 .data.FAN3     0x20000010        0x8 ./Core/App/driver_fan.o
                0x20000010                FAN3
 .data.FAN4     0x20000018        0x8 ./Core/App/driver_fan.o
                0x20000018                FAN4
 .data.STAT1    0x20000020        0x8 ./Core/App/driver_status_led.o
                0x20000020                STAT1
 .data.STAT2    0x20000028        0x8 ./Core/App/driver_status_led.o
                0x20000028                STAT2
 .data.STAT3    0x20000030        0x8 ./Core/App/driver_status_led.o
                0x20000030                STAT3
 .data.STAT4    0x20000038        0x8 ./Core/App/driver_status_led.o
                0x20000038                STAT4
 .data.SystemCoreClock
                0x20000040        0x4 ./Core/Src/system_stm32f4xx.o
                0x20000040                SystemCoreClock
 .data.uwTickPrio
                0x20000044        0x4 ./Drivers/STM32F4xx_HAL_Driver/Src/stm32f4xx_hal.o
                0x20000044                uwTickPrio
 .data.uwTickFreq
                0x20000048        0x1 ./Drivers/STM32F4xx_HAL_Driver/Src/stm32f4xx_hal.o
                0x20000048                uwTickFreq
 *fill*         0x20000049        0x3 
 .data._impure_ptr
                0x2000004c        0x4 /opt/stm32cubeide/plugins/com.st.stm32cube.ide.mcu.externaltools.gnu-tools-for-stm32.12.3.rel1.linux64_1.0.100.202403111256/tools/bin/../lib/gcc/arm-none-eabi/12.3.1/../../../../arm-none-eabi/lib/thumb/v7e-m+fp/hard/libc_nano.a(libc_a-impure.o)
                0x2000004c                _impure_ptr
 .data._impure_data
                0x20000050       0x4c /opt/stm32cubeide/plugins/com.st.stm32cube.ide.mcu.externaltools.gnu-tools-for-stm32.12.3.rel1.linux64_1.0.100.202403111256/tools/bin/../lib/gcc/arm-none-eabi/12.3.1/../../../../arm-none-eabi/lib/thumb/v7e-m+fp/hard/libc_nano.a(libc_a-impure.o)
                0x20000050                _impure_data
 *(.RamFunc)
 *(.RamFunc*)
                0x2000009c                        . = ALIGN (0x4)
                0x2000009c                        _edata = .

.igot.plt       0x2000009c        0x0 load address 0x0800878c
 .igot.plt      0x2000009c        0x0 /opt/stm32cubeide/plugins/com.st.stm32cube.ide.mcu.externaltools.gnu-tools-for-stm32.12.3.rel1.linux64_1.0.100.202403111256/tools/bin/../lib/gcc/arm-none-eabi/12.3.1/thumb/v7e-m+fp/hard/crtbegin.o
                0x2000009c                        . = ALIGN (0x4)

.bss            0x2000009c      0x66c load address 0x0800878c
                0x2000009c                        _sbss = .
                0x2000009c                        __bss_start__ = _sbss
 *(.bss)
 .bss           0x2000009c       0x1c /opt/stm32cubeide/plugins/com.st.stm32cube.ide.mcu.externaltools.gnu-tools-for-stm32.12.3.rel1.linux64_1.0.100.202403111256/tools/bin/../lib/gcc/arm-none-eabi/12.3.1/thumb/v7e-m+fp/hard/crtbegin.o
 *(.bss*)
 .bss.current_state
                0x200000b8        0x1 ./Core/App/app_statemachine.o
                0x200000b8                current_state
 *fill*         0x200000b9        0x3 
 .bss.ticks_in_state
                0x200000bc        0x4 ./Core/App/app_statemachine.o
                0x200000bc                ticks_in_state
 .bss.throttle  0x200000c0        0x1 ./Core/App/app_statemachine.o
                0x200000c0                throttle
 .bss.steering  0x200000c1        0x1 ./Core/App/app_statemachine.o
                0x200000c1                steering
 *fill*         0x200000c2        0x2 
 .bss.uart_send_buf
                0x200000c4       0x50 ./Core/App/driver_uart.o
                0x200000c4                uart_send_buf
 .bss.uart2_recv_buf
                0x20000114       0x50 ./Core/App/driver_uart.o
                0x20000114                uart2_recv_buf
 .bss.uart4_recv_buf
                0x20000164       0x50 ./Core/App/driver_uart.o
                0x20000164                uart4_recv_buf
 .bss.uart2_recv_buf_tail
                0x200001b4        0x1 ./Core/App/driver_uart.o
                0x200001b4                uart2_recv_buf_tail
 .bss.uart4_recv_buf_tail
                0x200001b5        0x1 ./Core/App/driver_uart.o
                0x200001b5                uart4_recv_buf_tail
 *fill*         0x200001b6        0x2 
 .bss.hadc1     0x200001b8       0x48 ./Core/Src/adc.o
                0x200001b8                hadc1
 .bss.hspi2     0x20000200       0x58 ./Core/Src/spi.o
                0x20000200                hspi2
 .bss.__sbrk_heap_end
                0x20000258        0x4 ./Core/Src/sysmem.o
 .bss.htim1     0x2000025c       0x48 ./Core/Src/tim.o
                0x2000025c                htim1
 .bss.htim2     0x200002a4       0x48 ./Core/Src/tim.o
                0x200002a4                htim2
 .bss.htim3     0x200002ec       0x48 ./Core/Src/tim.o
                0x200002ec                htim3
 .bss.htim6     0x20000334       0x48 ./Core/Src/tim.o
                0x20000334                htim6
 .bss.htim8     0x2000037c       0x48 ./Core/Src/tim.o
                0x2000037c                htim8
 .bss.huart4    0x200003c4       0x48 ./Core/Src/usart.o
                0x200003c4                huart4
 .bss.huart5    0x2000040c       0x48 ./Core/Src/usart.o
                0x2000040c                huart5
 .bss.huart2    0x20000454       0x48 ./Core/Src/usart.o
                0x20000454                huart2
 .bss.hdma_uart4_tx
                0x2000049c       0x60 ./Core/Src/usart.o
                0x2000049c                hdma_uart4_tx
 .bss.hdma_uart4_rx
                0x200004fc       0x60 ./Core/Src/usart.o
                0x200004fc                hdma_uart4_rx
 .bss.hdma_usart2_tx
                0x2000055c       0x60 ./Core/Src/usart.o
                0x2000055c                hdma_usart2_tx
 .bss.uwTick    0x200005bc        0x4 ./Drivers/STM32F4xx_HAL_Driver/Src/stm32f4xx_hal.o
                0x200005bc                uwTick
 .bss.__sf      0x200005c0      0x138 /opt/stm32cubeide/plugins/com.st.stm32cube.ide.mcu.externaltools.gnu-tools-for-stm32.12.3.rel1.linux64_1.0.100.202403111256/tools/bin/../lib/gcc/arm-none-eabi/12.3.1/../../../../arm-none-eabi/lib/thumb/v7e-m+fp/hard/libc_nano.a(libc_a-findfp.o)
                0x200005c0                __sf
 .bss.errno     0x200006f8        0x4 /opt/stm32cubeide/plugins/com.st.stm32cube.ide.mcu.externaltools.gnu-tools-for-stm32.12.3.rel1.linux64_1.0.100.202403111256/tools/bin/../lib/gcc/arm-none-eabi/12.3.1/../../../../arm-none-eabi/lib/thumb/v7e-m+fp/hard/libc_nano.a(libc_a-reent.o)
                0x200006f8                errno
 .bss.__lock___malloc_recursive_mutex
                0x200006fc        0x1 /opt/stm32cubeide/plugins/com.st.stm32cube.ide.mcu.externaltools.gnu-tools-for-stm32.12.3.rel1.linux64_1.0.100.202403111256/tools/bin/../lib/gcc/arm-none-eabi/12.3.1/../../../../arm-none-eabi/lib/thumb/v7e-m+fp/hard/libc_nano.a(libc_a-lock.o)
                0x200006fc                __lock___malloc_recursive_mutex
 *fill*         0x200006fd        0x3 
 .bss.__malloc_sbrk_start
                0x20000700        0x4 /opt/stm32cubeide/plugins/com.st.stm32cube.ide.mcu.externaltools.gnu-tools-for-stm32.12.3.rel1.linux64_1.0.100.202403111256/tools/bin/../lib/gcc/arm-none-eabi/12.3.1/../../../../arm-none-eabi/lib/thumb/v7e-m+fp/hard/libc_nano.a(libc_a-mallocr.o)
                0x20000700                __malloc_sbrk_start
 .bss.__malloc_free_list
                0x20000704        0x4 /opt/stm32cubeide/plugins/com.st.stm32cube.ide.mcu.externaltools.gnu-tools-for-stm32.12.3.rel1.linux64_1.0.100.202403111256/tools/bin/../lib/gcc/arm-none-eabi/12.3.1/../../../../arm-none-eabi/lib/thumb/v7e-m+fp/hard/libc_nano.a(libc_a-mallocr.o)
                0x20000704                __malloc_free_list
 *(COMMON)
                0x20000708                        . = ALIGN (0x4)
                0x20000708                        _ebss = .
                0x20000708                        __bss_end__ = _ebss

._user_heap_stack
                0x20000708      0x600 load address 0x0800878c
                0x20000708                        . = ALIGN (0x8)
                [!provide]                        PROVIDE (end = .)
                0x20000708                        PROVIDE (_end = .)
                0x20000908                        . = (. + _Min_Heap_Size)
 *fill*         0x20000708      0x200 
                0x20000d08                        . = (. + _Min_Stack_Size)
 *fill*         0x20000908      0x400 
                0x20000d08                        . = ALIGN (0x8)

/DISCARD/
 libc.a(*)
 libm.a(*)
 libgcc.a(*)

.ARM.attributes
                0x00000000       0x30
 *(.ARM.attributes)
 .ARM.attributes
                0x00000000       0x22 /opt/stm32cubeide/plugins/com.st.stm32cube.ide.mcu.externaltools.gnu-tools-for-stm32.12.3.rel1.linux64_1.0.100.202403111256/tools/bin/../lib/gcc/arm-none-eabi/12.3.1/thumb/v7e-m+fp/hard/crti.o
 .ARM.attributes
                0x00000022       0x34 /opt/stm32cubeide/plugins/com.st.stm32cube.ide.mcu.externaltools.gnu-tools-for-stm32.12.3.rel1.linux64_1.0.100.202403111256/tools/bin/../lib/gcc/arm-none-eabi/12.3.1/thumb/v7e-m+fp/hard/crtbegin.o
 .ARM.attributes
                0x00000056       0x34 ./Core/App/LoRa.o
 .ARM.attributes
                0x0000008a       0x34 ./Core/App/app_statemachine.o
 .ARM.attributes
                0x000000be       0x34 ./Core/App/driver_ebrake.o
 .ARM.attributes
                0x000000f2       0x34 ./Core/App/driver_fan.o
 .ARM.attributes
                0x00000126       0x34 ./Core/App/driver_status_led.o
 .ARM.attributes
                0x0000015a       0x34 ./Core/App/driver_uart.o
 .ARM.attributes
                0x0000018e       0x34 ./Core/Src/adc.o
 .ARM.attributes
                0x000001c2       0x34 ./Core/Src/dma.o
 .ARM.attributes
                0x000001f6       0x34 ./Core/Src/gpio.o
 .ARM.attributes
                0x0000022a       0x34 ./Core/Src/main.o
 .ARM.attributes
                0x0000025e       0x34 ./Core/Src/spi.o
 .ARM.attributes
                0x00000292       0x34 ./Core/Src/stm32f4xx_hal_msp.o
 .ARM.attributes
                0x000002c6       0x34 ./Core/Src/stm32f4xx_it.o
 .ARM.attributes
                0x000002fa       0x34 ./Core/Src/sysmem.o
 .ARM.attributes
                0x0000032e       0x34 ./Core/Src/system_stm32f4xx.o
 .ARM.attributes
                0x00000362       0x34 ./Core/Src/tim.o
 .ARM.attributes
                0x00000396       0x34 ./Core/Src/usart.o
 .ARM.attributes
                0x000003ca       0x21 ./Core/Startup/startup_stm32f446retx.o
 .ARM.attributes
                0x000003eb       0x34 ./Drivers/STM32F4xx_HAL_Driver/Src/stm32f4xx_hal.o
 .ARM.attributes
                0x0000041f       0x34 ./Drivers/STM32F4xx_HAL_Driver/Src/stm32f4xx_hal_adc.o
 .ARM.attributes
                0x00000453       0x34 ./Drivers/STM32F4xx_HAL_Driver/Src/stm32f4xx_hal_cortex.o
 .ARM.attributes
                0x00000487       0x34 ./Drivers/STM32F4xx_HAL_Driver/Src/stm32f4xx_hal_dma.o
 .ARM.attributes
                0x000004bb       0x34 ./Drivers/STM32F4xx_HAL_Driver/Src/stm32f4xx_hal_gpio.o
 .ARM.attributes
                0x000004ef       0x34 ./Drivers/STM32F4xx_HAL_Driver/Src/stm32f4xx_hal_pwr_ex.o
 .ARM.attributes
                0x00000523       0x34 ./Drivers/STM32F4xx_HAL_Driver/Src/stm32f4xx_hal_rcc.o
 .ARM.attributes
                0x00000557       0x34 ./Drivers/STM32F4xx_HAL_Driver/Src/stm32f4xx_hal_rcc_ex.o
 .ARM.attributes
                0x0000058b       0x34 ./Drivers/STM32F4xx_HAL_Driver/Src/stm32f4xx_hal_spi.o
 .ARM.attributes
                0x000005bf       0x34 ./Drivers/STM32F4xx_HAL_Driver/Src/stm32f4xx_hal_tim.o
 .ARM.attributes
                0x000005f3       0x34 ./Drivers/STM32F4xx_HAL_Driver/Src/stm32f4xx_hal_tim_ex.o
 .ARM.attributes
                0x00000627       0x34 ./Drivers/STM32F4xx_HAL_Driver/Src/stm32f4xx_hal_uart.o
 .ARM.attributes
                0x0000065b       0x34 /opt/stm32cubeide/plugins/com.st.stm32cube.ide.mcu.externaltools.gnu-tools-for-stm32.12.3.rel1.linux64_1.0.100.202403111256/tools/bin/../lib/gcc/arm-none-eabi/12.3.1/../../../../arm-none-eabi/lib/thumb/v7e-m+fp/hard/libc_nano.a(libc_a-findfp.o)
 .ARM.attributes
                0x0000068f       0x34 /opt/stm32cubeide/plugins/com.st.stm32cube.ide.mcu.externaltools.gnu-tools-for-stm32.12.3.rel1.linux64_1.0.100.202403111256/tools/bin/../lib/gcc/arm-none-eabi/12.3.1/../../../../arm-none-eabi/lib/thumb/v7e-m+fp/hard/libc_nano.a(libc_a-sprintf.o)
 .ARM.attributes
                0x000006c3       0x34 /opt/stm32cubeide/plugins/com.st.stm32cube.ide.mcu.externaltools.gnu-tools-for-stm32.12.3.rel1.linux64_1.0.100.202403111256/tools/bin/../lib/gcc/arm-none-eabi/12.3.1/../../../../arm-none-eabi/lib/thumb/v7e-m+fp/hard/libc_nano.a(libc_a-memset.o)
 .ARM.attributes
                0x000006f7       0x34 /opt/stm32cubeide/plugins/com.st.stm32cube.ide.mcu.externaltools.gnu-tools-for-stm32.12.3.rel1.linux64_1.0.100.202403111256/tools/bin/../lib/gcc/arm-none-eabi/12.3.1/../../../../arm-none-eabi/lib/thumb/v7e-m+fp/hard/libc_nano.a(libc_a-strncpy.o)
 .ARM.attributes
                0x0000072b       0x34 /opt/stm32cubeide/plugins/com.st.stm32cube.ide.mcu.externaltools.gnu-tools-for-stm32.12.3.rel1.linux64_1.0.100.202403111256/tools/bin/../lib/gcc/arm-none-eabi/12.3.1/../../../../arm-none-eabi/lib/thumb/v7e-m+fp/hard/libc_nano.a(libc_a-reent.o)
 .ARM.attributes
                0x0000075f       0x34 /opt/stm32cubeide/plugins/com.st.stm32cube.ide.mcu.externaltools.gnu-tools-for-stm32.12.3.rel1.linux64_1.0.100.202403111256/tools/bin/../lib/gcc/arm-none-eabi/12.3.1/../../../../arm-none-eabi/lib/thumb/v7e-m+fp/hard/libc_nano.a(libc_a-impure.o)
 .ARM.attributes
                0x00000793       0x34 /opt/stm32cubeide/plugins/com.st.stm32cube.ide.mcu.externaltools.gnu-tools-for-stm32.12.3.rel1.linux64_1.0.100.202403111256/tools/bin/../lib/gcc/arm-none-eabi/12.3.1/../../../../arm-none-eabi/lib/thumb/v7e-m+fp/hard/libc_nano.a(libc_a-errno.o)
 .ARM.attributes
                0x000007c7       0x34 /opt/stm32cubeide/plugins/com.st.stm32cube.ide.mcu.externaltools.gnu-tools-for-stm32.12.3.rel1.linux64_1.0.100.202403111256/tools/bin/../lib/gcc/arm-none-eabi/12.3.1/../../../../arm-none-eabi/lib/thumb/v7e-m+fp/hard/libc_nano.a(libc_a-init.o)
 .ARM.attributes
                0x000007fb       0x34 /opt/stm32cubeide/plugins/com.st.stm32cube.ide.mcu.externaltools.gnu-tools-for-stm32.12.3.rel1.linux64_1.0.100.202403111256/tools/bin/../lib/gcc/arm-none-eabi/12.3.1/../../../../arm-none-eabi/lib/thumb/v7e-m+fp/hard/libc_nano.a(libc_a-lock.o)
 .ARM.attributes
                0x0000082f       0x34 /opt/stm32cubeide/plugins/com.st.stm32cube.ide.mcu.externaltools.gnu-tools-for-stm32.12.3.rel1.linux64_1.0.100.202403111256/tools/bin/../lib/gcc/arm-none-eabi/12.3.1/../../../../arm-none-eabi/lib/thumb/v7e-m+fp/hard/libc_nano.a(libc_a-strcpy.o)
 .ARM.attributes
                0x00000863       0x34 /opt/stm32cubeide/plugins/com.st.stm32cube.ide.mcu.externaltools.gnu-tools-for-stm32.12.3.rel1.linux64_1.0.100.202403111256/tools/bin/../lib/gcc/arm-none-eabi/12.3.1/../../../../arm-none-eabi/lib/thumb/v7e-m+fp/hard/libc_nano.a(libc_a-memcpy-stub.o)
 .ARM.attributes
                0x00000897       0x17 /opt/stm32cubeide/plugins/com.st.stm32cube.ide.mcu.externaltools.gnu-tools-for-stm32.12.3.rel1.linux64_1.0.100.202403111256/tools/bin/../lib/gcc/arm-none-eabi/12.3.1/../../../../arm-none-eabi/lib/thumb/v7e-m+fp/hard/libc_nano.a(libc_a-strlen.o)
 .ARM.attributes
                0x000008ae       0x34 /opt/stm32cubeide/plugins/com.st.stm32cube.ide.mcu.externaltools.gnu-tools-for-stm32.12.3.rel1.linux64_1.0.100.202403111256/tools/bin/../lib/gcc/arm-none-eabi/12.3.1/../../../../arm-none-eabi/lib/thumb/v7e-m+fp/hard/libc_nano.a(libc_a-freer.o)
 .ARM.attributes
                0x000008e2       0x34 /opt/stm32cubeide/plugins/com.st.stm32cube.ide.mcu.externaltools.gnu-tools-for-stm32.12.3.rel1.linux64_1.0.100.202403111256/tools/bin/../lib/gcc/arm-none-eabi/12.3.1/../../../../arm-none-eabi/lib/thumb/v7e-m+fp/hard/libc_nano.a(libc_a-mallocr.o)
 .ARM.attributes
                0x00000916       0x34 /opt/stm32cubeide/plugins/com.st.stm32cube.ide.mcu.externaltools.gnu-tools-for-stm32.12.3.rel1.linux64_1.0.100.202403111256/tools/bin/../lib/gcc/arm-none-eabi/12.3.1/../../../../arm-none-eabi/lib/thumb/v7e-m+fp/hard/libc_nano.a(libc_a-mlock.o)
 .ARM.attributes
                0x0000094a       0x34 /opt/stm32cubeide/plugins/com.st.stm32cube.ide.mcu.externaltools.gnu-tools-for-stm32.12.3.rel1.linux64_1.0.100.202403111256/tools/bin/../lib/gcc/arm-none-eabi/12.3.1/../../../../arm-none-eabi/lib/thumb/v7e-m+fp/hard/libc_nano.a(libc_a-nano-svfprintf.o)
 .ARM.attributes
                0x0000097e       0x34 /opt/stm32cubeide/plugins/com.st.stm32cube.ide.mcu.externaltools.gnu-tools-for-stm32.12.3.rel1.linux64_1.0.100.202403111256/tools/bin/../lib/gcc/arm-none-eabi/12.3.1/../../../../arm-none-eabi/lib/thumb/v7e-m+fp/hard/libc_nano.a(libc_a-nano-vfprintf_i.o)
 .ARM.attributes
                0x000009b2       0x34 /opt/stm32cubeide/plugins/com.st.stm32cube.ide.mcu.externaltools.gnu-tools-for-stm32.12.3.rel1.linux64_1.0.100.202403111256/tools/bin/../lib/gcc/arm-none-eabi/12.3.1/../../../../arm-none-eabi/lib/thumb/v7e-m+fp/hard/libc_nano.a(libc_a-memmove.o)
 .ARM.attributes
                0x000009e6       0x34 /opt/stm32cubeide/plugins/com.st.stm32cube.ide.mcu.externaltools.gnu-tools-for-stm32.12.3.rel1.linux64_1.0.100.202403111256/tools/bin/../lib/gcc/arm-none-eabi/12.3.1/../../../../arm-none-eabi/lib/thumb/v7e-m+fp/hard/libc_nano.a(libc_a-sbrkr.o)
 .ARM.attributes
                0x00000a1a       0x1c /opt/stm32cubeide/plugins/com.st.stm32cube.ide.mcu.externaltools.gnu-tools-for-stm32.12.3.rel1.linux64_1.0.100.202403111256/tools/bin/../lib/gcc/arm-none-eabi/12.3.1/../../../../arm-none-eabi/lib/thumb/v7e-m+fp/hard/libc_nano.a(libc_a-memchr.o)
 .ARM.attributes
                0x00000a36       0x34 /opt/stm32cubeide/plugins/com.st.stm32cube.ide.mcu.externaltools.gnu-tools-for-stm32.12.3.rel1.linux64_1.0.100.202403111256/tools/bin/../lib/gcc/arm-none-eabi/12.3.1/../../../../arm-none-eabi/lib/thumb/v7e-m+fp/hard/libc_nano.a(libc_a-reallocr.o)
 .ARM.attributes
                0x00000a6a       0x34 /opt/stm32cubeide/plugins/com.st.stm32cube.ide.mcu.externaltools.gnu-tools-for-stm32.12.3.rel1.linux64_1.0.100.202403111256/tools/bin/../lib/gcc/arm-none-eabi/12.3.1/../../../../arm-none-eabi/lib/thumb/v7e-m+fp/hard/libc_nano.a(libc_a-msizer.o)
 .ARM.attributes
                0x00000a9e       0x22 /opt/stm32cubeide/plugins/com.st.stm32cube.ide.mcu.externaltools.gnu-tools-for-stm32.12.3.rel1.linux64_1.0.100.202403111256/tools/bin/../lib/gcc/arm-none-eabi/12.3.1/thumb/v7e-m+fp/hard/libgcc.a(_arm_addsubdf3.o)
 .ARM.attributes
                0x00000ac0       0x22 /opt/stm32cubeide/plugins/com.st.stm32cube.ide.mcu.externaltools.gnu-tools-for-stm32.12.3.rel1.linux64_1.0.100.202403111256/tools/bin/../lib/gcc/arm-none-eabi/12.3.1/thumb/v7e-m+fp/hard/libgcc.a(_arm_muldivdf3.o)
 .ARM.attributes
                0x00000ae2       0x22 /opt/stm32cubeide/plugins/com.st.stm32cube.ide.mcu.externaltools.gnu-tools-for-stm32.12.3.rel1.linux64_1.0.100.202403111256/tools/bin/../lib/gcc/arm-none-eabi/12.3.1/thumb/v7e-m+fp/hard/libgcc.a(_arm_fixdfsi.o)
 .ARM.attributes
                0x00000b04       0x22 /opt/stm32cubeide/plugins/com.st.stm32cube.ide.mcu.externaltools.gnu-tools-for-stm32.12.3.rel1.linux64_1.0.100.202403111256/tools/bin/../lib/gcc/arm-none-eabi/12.3.1/thumb/v7e-m+fp/hard/libgcc.a(_aeabi_uldivmod.o)
 .ARM.attributes
                0x00000b26       0x34 /opt/stm32cubeide/plugins/com.st.stm32cube.ide.mcu.externaltools.gnu-tools-for-stm32.12.3.rel1.linux64_1.0.100.202403111256/tools/bin/../lib/gcc/arm-none-eabi/12.3.1/thumb/v7e-m+fp/hard/libgcc.a(_udivmoddi4.o)
 .ARM.attributes
                0x00000b5a       0x22 /opt/stm32cubeide/plugins/com.st.stm32cube.ide.mcu.externaltools.gnu-tools-for-stm32.12.3.rel1.linux64_1.0.100.202403111256/tools/bin/../lib/gcc/arm-none-eabi/12.3.1/thumb/v7e-m+fp/hard/libgcc.a(_dvmd_tls.o)
 .ARM.attributes
                0x00000b7c       0x22 /opt/stm32cubeide/plugins/com.st.stm32cube.ide.mcu.externaltools.gnu-tools-for-stm32.12.3.rel1.linux64_1.0.100.202403111256/tools/bin/../lib/gcc/arm-none-eabi/12.3.1/thumb/v7e-m+fp/hard/crtn.o
OUTPUT(AMP_PCBv3.elf elf32-littlearm)
LOAD linker stubs
LOAD /opt/stm32cubeide/plugins/com.st.stm32cube.ide.mcu.externaltools.gnu-tools-for-stm32.12.3.rel1.linux64_1.0.100.202403111256/tools/bin/../lib/gcc/arm-none-eabi/12.3.1/../../../../arm-none-eabi/lib/thumb/v7e-m+fp/hard/libc.a
LOAD /opt/stm32cubeide/plugins/com.st.stm32cube.ide.mcu.externaltools.gnu-tools-for-stm32.12.3.rel1.linux64_1.0.100.202403111256/tools/bin/../lib/gcc/arm-none-eabi/12.3.1/../../../../arm-none-eabi/lib/thumb/v7e-m+fp/hard/libm.a
LOAD /opt/stm32cubeide/plugins/com.st.stm32cube.ide.mcu.externaltools.gnu-tools-for-stm32.12.3.rel1.linux64_1.0.100.202403111256/tools/bin/../lib/gcc/arm-none-eabi/12.3.1/thumb/v7e-m+fp/hard/libgcc.a

.debug_info     0x00000000    0x153f2
 .debug_info    0x00000000      0xe62 ./Core/App/LoRa.o
 .debug_info    0x00000e62      0x96c ./Core/App/app_statemachine.o
 .debug_info    0x000017ce      0x1df ./Core/App/driver_ebrake.o
 .debug_info    0x000019ad      0x281 ./Core/App/driver_fan.o
 .debug_info    0x00001c2e      0x29b ./Core/App/driver_status_led.o
 .debug_info    0x00001ec9      0x7e0 ./Core/App/driver_uart.o
 .debug_info    0x000026a9      0x9c5 ./Core/Src/adc.o
 .debug_info    0x0000306e      0x4fb ./Core/Src/dma.o
 .debug_info    0x00003569      0x6cc ./Core/Src/gpio.o
 .debug_info    0x00003c35      0xb5c ./Core/Src/main.o
 .debug_info    0x00004791      0x973 ./Core/Src/spi.o
 .debug_info    0x00005104      0x2ac ./Core/Src/stm32f4xx_hal_msp.o
 .debug_info    0x000053b0      0xa50 ./Core/Src/stm32f4xx_it.o
 .debug_info    0x00005e00      0x168 ./Core/Src/sysmem.o
 .debug_info    0x00005f68      0x54a ./Core/Src/system_stm32f4xx.o
 .debug_info    0x000064b2     0x114c ./Core/Src/tim.o
 .debug_info    0x000075fe      0xd10 ./Core/Src/usart.o
 .debug_info    0x0000830e       0x30 ./Core/Startup/startup_stm32f446retx.o
 .debug_info    0x0000833e      0x99a ./Drivers/STM32F4xx_HAL_Driver/Src/stm32f4xx_hal.o
 .debug_info    0x00008cd8      0xcd4 ./Drivers/STM32F4xx_HAL_Driver/Src/stm32f4xx_hal_adc.o
 .debug_info    0x000099ac      0xd75 ./Drivers/STM32F4xx_HAL_Driver/Src/stm32f4xx_hal_cortex.o
 .debug_info    0x0000a721      0x8e7 ./Drivers/STM32F4xx_HAL_Driver/Src/stm32f4xx_hal_dma.o
 .debug_info    0x0000b008      0x70b ./Drivers/STM32F4xx_HAL_Driver/Src/stm32f4xx_hal_gpio.o
 .debug_info    0x0000b713      0x6da ./Drivers/STM32F4xx_HAL_Driver/Src/stm32f4xx_hal_pwr_ex.o
 .debug_info    0x0000bded      0x8ed ./Drivers/STM32F4xx_HAL_Driver/Src/stm32f4xx_hal_rcc.o
 .debug_info    0x0000c6da      0x956 ./Drivers/STM32F4xx_HAL_Driver/Src/stm32f4xx_hal_rcc_ex.o
 .debug_info    0x0000d030     0x15fb ./Drivers/STM32F4xx_HAL_Driver/Src/stm32f4xx_hal_spi.o
 .debug_info    0x0000e62b     0x299d ./Drivers/STM32F4xx_HAL_Driver/Src/stm32f4xx_hal_tim.o
 .debug_info    0x00010fc8     0x14db ./Drivers/STM32F4xx_HAL_Driver/Src/stm32f4xx_hal_tim_ex.o
 .debug_info    0x000124a3     0x2f4f ./Drivers/STM32F4xx_HAL_Driver/Src/stm32f4xx_hal_uart.o

.debug_abbrev   0x00000000     0x39a7
 .debug_abbrev  0x00000000      0x26f ./Core/App/LoRa.o
 .debug_abbrev  0x0000026f      0x238 ./Core/App/app_statemachine.o
 .debug_abbrev  0x000004a7       0xf3 ./Core/App/driver_ebrake.o
 .debug_abbrev  0x0000059a      0x191 ./Core/App/driver_fan.o
 .debug_abbrev  0x0000072b      0x18b ./Core/App/driver_status_led.o
 .debug_abbrev  0x000008b6      0x1e6 ./Core/App/driver_uart.o
 .debug_abbrev  0x00000a9c      0x1f3 ./Core/Src/adc.o
 .debug_abbrev  0x00000c8f      0x10e ./Core/Src/dma.o
 .debug_abbrev  0x00000d9d      0x174 ./Core/Src/gpio.o
 .debug_abbrev  0x00000f11      0x238 ./Core/Src/main.o
 .debug_abbrev  0x00001149      0x1f3 ./Core/Src/spi.o
 .debug_abbrev  0x0000133c       0xf4 ./Core/Src/stm32f4xx_hal_msp.o
 .debug_abbrev  0x00001430      0x1e3 ./Core/Src/stm32f4xx_it.o
 .debug_abbrev  0x00001613       0xbc ./Core/Src/sysmem.o
 .debug_abbrev  0x000016cf      0x11a ./Core/Src/system_stm32f4xx.o
 .debug_abbrev  0x000017e9      0x25b ./Core/Src/tim.o
 .debug_abbrev  0x00001a44      0x25d ./Core/Src/usart.o
 .debug_abbrev  0x00001ca1       0x24 ./Core/Startup/startup_stm32f446retx.o
 .debug_abbrev  0x00001cc5      0x214 ./Drivers/STM32F4xx_HAL_Driver/Src/stm32f4xx_hal.o
 .debug_abbrev  0x00001ed9      0x252 ./Drivers/STM32F4xx_HAL_Driver/Src/stm32f4xx_hal_adc.o
 .debug_abbrev  0x0000212b      0x328 ./Drivers/STM32F4xx_HAL_Driver/Src/stm32f4xx_hal_cortex.o
 .debug_abbrev  0x00002453      0x264 ./Drivers/STM32F4xx_HAL_Driver/Src/stm32f4xx_hal_dma.o
 .debug_abbrev  0x000026b7      0x1d4 ./Drivers/STM32F4xx_HAL_Driver/Src/stm32f4xx_hal_gpio.o
 .debug_abbrev  0x0000288b      0x1cf ./Drivers/STM32F4xx_HAL_Driver/Src/stm32f4xx_hal_pwr_ex.o
 .debug_abbrev  0x00002a5a      0x2b6 ./Drivers/STM32F4xx_HAL_Driver/Src/stm32f4xx_hal_rcc.o
 .debug_abbrev  0x00002d10      0x20a ./Drivers/STM32F4xx_HAL_Driver/Src/stm32f4xx_hal_rcc_ex.o
 .debug_abbrev  0x00002f1a      0x284 ./Drivers/STM32F4xx_HAL_Driver/Src/stm32f4xx_hal_spi.o
 .debug_abbrev  0x0000319e      0x278 ./Drivers/STM32F4xx_HAL_Driver/Src/stm32f4xx_hal_tim.o
 .debug_abbrev  0x00003416      0x283 ./Drivers/STM32F4xx_HAL_Driver/Src/stm32f4xx_hal_tim_ex.o
 .debug_abbrev  0x00003699      0x30e ./Drivers/STM32F4xx_HAL_Driver/Src/stm32f4xx_hal_uart.o

.debug_aranges  0x00000000     0x12c8
 .debug_aranges
                0x00000000       0xc8 ./Core/App/LoRa.o
 .debug_aranges
                0x000000c8       0x30 ./Core/App/app_statemachine.o
 .debug_aranges
                0x000000f8       0x38 ./Core/App/driver_ebrake.o
 .debug_aranges
                0x00000130       0x38 ./Core/App/driver_fan.o
 .debug_aranges
                0x00000168       0x30 ./Core/App/driver_status_led.o
 .debug_aranges
                0x00000198       0x48 ./Core/App/driver_uart.o
 .debug_aranges
                0x000001e0       0x30 ./Core/Src/adc.o
 .debug_aranges
                0x00000210       0x20 ./Core/Src/dma.o
 .debug_aranges
                0x00000230       0x20 ./Core/Src/gpio.o
 .debug_aranges
                0x00000250       0x30 ./Core/Src/main.o
 .debug_aranges
                0x00000280       0x30 ./Core/Src/spi.o
 .debug_aranges
                0x000002b0       0x20 ./Core/Src/stm32f4xx_hal_msp.o
 .debug_aranges
                0x000002d0       0xa0 ./Core/Src/stm32f4xx_it.o
 .debug_aranges
                0x00000370       0x20 ./Core/Src/sysmem.o
 .debug_aranges
                0x00000390       0x28 ./Core/Src/system_stm32f4xx.o
 .debug_aranges
                0x000003b8       0x58 ./Core/Src/tim.o
 .debug_aranges
                0x00000410       0x40 ./Core/Src/usart.o
 .debug_aranges
                0x00000450       0x28 ./Core/Startup/startup_stm32f446retx.o
 .debug_aranges
                0x00000478       0xf0 ./Drivers/STM32F4xx_HAL_Driver/Src/stm32f4xx_hal.o
 .debug_aranges
                0x00000568       0xe8 ./Drivers/STM32F4xx_HAL_Driver/Src/stm32f4xx_hal_adc.o
 .debug_aranges
                0x00000650      0x120 ./Drivers/STM32F4xx_HAL_Driver/Src/stm32f4xx_hal_cortex.o
 .debug_aranges
                0x00000770       0x90 ./Drivers/STM32F4xx_HAL_Driver/Src/stm32f4xx_hal_dma.o
 .debug_aranges
                0x00000800       0x58 ./Drivers/STM32F4xx_HAL_Driver/Src/stm32f4xx_hal_gpio.o
 .debug_aranges
                0x00000858       0x60 ./Drivers/STM32F4xx_HAL_Driver/Src/stm32f4xx_hal_pwr_ex.o
 .debug_aranges
                0x000008b8       0x88 ./Drivers/STM32F4xx_HAL_Driver/Src/stm32f4xx_hal_rcc.o
 .debug_aranges
                0x00000940       0x78 ./Drivers/STM32F4xx_HAL_Driver/Src/stm32f4xx_hal_rcc_ex.o
 .debug_aranges
                0x000009b8      0x1d0 ./Drivers/STM32F4xx_HAL_Driver/Src/stm32f4xx_hal_spi.o
 .debug_aranges
                0x00000b88      0x3d0 ./Drivers/STM32F4xx_HAL_Driver/Src/stm32f4xx_hal_tim.o
 .debug_aranges
                0x00000f58      0x168 ./Drivers/STM32F4xx_HAL_Driver/Src/stm32f4xx_hal_tim_ex.o
 .debug_aranges
                0x000010c0      0x208 ./Drivers/STM32F4xx_HAL_Driver/Src/stm32f4xx_hal_uart.o

.debug_rnglists
                0x00000000      0xe84
 .debug_rnglists
                0x00000000       0x96 ./Core/App/LoRa.o
 .debug_rnglists
                0x00000096       0x30 ./Core/App/app_statemachine.o
 .debug_rnglists
                0x000000c6       0x25 ./Core/App/driver_ebrake.o
 .debug_rnglists
                0x000000eb       0x25 ./Core/App/driver_fan.o
 .debug_rnglists
                0x00000110       0x20 ./Core/App/driver_status_led.o
 .debug_rnglists
                0x00000130       0x33 ./Core/App/driver_uart.o
 .debug_rnglists
                0x00000163       0x21 ./Core/Src/adc.o
 .debug_rnglists
                0x00000184       0x13 ./Core/Src/dma.o
 .debug_rnglists
                0x00000197       0x14 ./Core/Src/gpio.o
 .debug_rnglists
                0x000001ab       0x20 ./Core/Src/main.o
 .debug_rnglists
                0x000001cb       0x20 ./Core/Src/spi.o
 .debug_rnglists
                0x000001eb       0x13 ./Core/Src/stm32f4xx_hal_msp.o
 .debug_rnglists
                0x000001fe       0x73 ./Core/Src/stm32f4xx_it.o
 .debug_rnglists
                0x00000271       0x13 ./Core/Src/sysmem.o
 .debug_rnglists
                0x00000284       0x1a ./Core/Src/system_stm32f4xx.o
 .debug_rnglists
                0x0000029e       0x44 ./Core/Src/tim.o
 .debug_rnglists
                0x000002e2       0x2d ./Core/Src/usart.o
 .debug_rnglists
                0x0000030f       0x19 ./Core/Startup/startup_stm32f446retx.o
 .debug_rnglists
                0x00000328       0xaf ./Drivers/STM32F4xx_HAL_Driver/Src/stm32f4xx_hal.o
 .debug_rnglists
                0x000003d7       0xb5 ./Drivers/STM32F4xx_HAL_Driver/Src/stm32f4xx_hal_adc.o
 .debug_rnglists
                0x0000048c       0xd4 ./Drivers/STM32F4xx_HAL_Driver/Src/stm32f4xx_hal_cortex.o
 .debug_rnglists
                0x00000560       0x70 ./Drivers/STM32F4xx_HAL_Driver/Src/stm32f4xx_hal_dma.o
 .debug_rnglists
                0x000005d0       0x3f ./Drivers/STM32F4xx_HAL_Driver/Src/stm32f4xx_hal_gpio.o
 .debug_rnglists
                0x0000060f       0x47 ./Drivers/STM32F4xx_HAL_Driver/Src/stm32f4xx_hal_pwr_ex.o
 .debug_rnglists
                0x00000656       0x66 ./Drivers/STM32F4xx_HAL_Driver/Src/stm32f4xx_hal_rcc.o
 .debug_rnglists
                0x000006bc       0x5e ./Drivers/STM32F4xx_HAL_Driver/Src/stm32f4xx_hal_rcc_ex.o
 .debug_rnglists
                0x0000071a      0x16f ./Drivers/STM32F4xx_HAL_Driver/Src/stm32f4xx_hal_spi.o
 .debug_rnglists
                0x00000889      0x31a ./Drivers/STM32F4xx_HAL_Driver/Src/stm32f4xx_hal_tim.o
 .debug_rnglists
                0x00000ba3      0x125 ./Drivers/STM32F4xx_HAL_Driver/Src/stm32f4xx_hal_tim_ex.o
 .debug_rnglists
                0x00000cc8      0x1bc ./Drivers/STM32F4xx_HAL_Driver/Src/stm32f4xx_hal_uart.o

.debug_macro    0x00000000    0x25bae
 .debug_macro   0x00000000      0x218 ./Core/App/LoRa.o
 .debug_macro   0x00000218      0xab4 ./Core/App/LoRa.o
 .debug_macro   0x00000ccc      0x2a7 ./Core/App/LoRa.o
 .debug_macro   0x00000f73       0x2e ./Core/App/LoRa.o
 .debug_macro   0x00000fa1       0x28 ./Core/App/LoRa.o
 .debug_macro   0x00000fc9       0x22 ./Core/App/LoRa.o
 .debug_macro   0x00000feb       0x8e ./Core/App/LoRa.o
 .debug_macro   0x00001079       0x51 ./Core/App/LoRa.o
 .debug_macro   0x000010ca      0x103 ./Core/App/LoRa.o
 .debug_macro   0x000011cd       0x6a ./Core/App/LoRa.o
 .debug_macro   0x00001237      0x1df ./Core/App/LoRa.o
 .debug_macro   0x00001416       0x1c ./Core/App/LoRa.o
 .debug_macro   0x00001432       0x22 ./Core/App/LoRa.o
 .debug_macro   0x00001454       0xfb ./Core/App/LoRa.o
 .debug_macro   0x0000154f     0x1011 ./Core/App/LoRa.o
 .debug_macro   0x00002560      0x11f ./Core/App/LoRa.o
 .debug_macro   0x0000267f    0x16749 ./Core/App/LoRa.o
 .debug_macro   0x00018dc8       0x6d ./Core/App/LoRa.o
 .debug_macro   0x00018e35     0x368c ./Core/App/LoRa.o
 .debug_macro   0x0001c4c1      0x189 ./Core/App/LoRa.o
 .debug_macro   0x0001c64a       0x5c ./Core/App/LoRa.o
 .debug_macro   0x0001c6a6      0xca5 ./Core/App/LoRa.o
 .debug_macro   0x0001d34b      0x9e9 ./Core/App/LoRa.o
 .debug_macro   0x0001dd34      0x115 ./Core/App/LoRa.o
 .debug_macro   0x0001de49      0x1a0 ./Core/App/LoRa.o
 .debug_macro   0x0001dfe9       0xa5 ./Core/App/LoRa.o
 .debug_macro   0x0001e08e      0x16d ./Core/App/LoRa.o
 .debug_macro   0x0001e1fb      0x287 ./Core/App/LoRa.o
 .debug_macro   0x0001e482       0x5f ./Core/App/LoRa.o
 .debug_macro   0x0001e4e1      0x236 ./Core/App/LoRa.o
 .debug_macro   0x0001e717      0xb5b ./Core/App/LoRa.o
 .debug_macro   0x0001f272      0x38b ./Core/App/LoRa.o
 .debug_macro   0x0001f5fd      0x17d ./Core/App/LoRa.o
 .debug_macro   0x0001f77a       0xf9 ./Core/App/LoRa.o
 .debug_macro   0x0001f873      0x132 ./Core/App/LoRa.o
 .debug_macro   0x0001f9a5      0x29c ./Core/App/LoRa.o
 .debug_macro   0x0001fc41       0x2e ./Core/App/LoRa.o
 .debug_macro   0x0001fc6f      0x127 ./Core/App/LoRa.o
 .debug_macro   0x0001fd96       0xe8 ./Core/App/LoRa.o
 .debug_macro   0x0001fe7e       0x89 ./Core/App/LoRa.o
 .debug_macro   0x0001ff07      0x225 ./Core/App/LoRa.o
 .debug_macro   0x0002012c      0x8ed ./Core/App/LoRa.o
 .debug_macro   0x00020a19       0x53 ./Core/App/LoRa.o
 .debug_macro   0x00020a6c      0x2aa ./Core/App/LoRa.o
 .debug_macro   0x00020d16      0x126 ./Core/App/LoRa.o
 .debug_macro   0x00020e3c      0x184 ./Core/App/LoRa.o
 .debug_macro   0x00020fc0      0x178 ./Core/App/LoRa.o
 .debug_macro   0x00021138      0x3ac ./Core/App/app_statemachine.o
 .debug_macro   0x000214e4       0x5b ./Core/App/app_statemachine.o
 .debug_macro   0x0002153f       0x2a ./Core/App/app_statemachine.o
 .debug_macro   0x00021569       0x94 ./Core/App/app_statemachine.o
 .debug_macro   0x000215fd       0x43 ./Core/App/app_statemachine.o
 .debug_macro   0x00021640       0x34 ./Core/App/app_statemachine.o
 .debug_macro   0x00021674       0x16 ./Core/App/app_statemachine.o
 .debug_macro   0x0002168a       0x57 ./Core/App/app_statemachine.o
 .debug_macro   0x000216e1       0x9e ./Core/App/app_statemachine.o
 .debug_macro   0x0002177f      0x369 ./Core/App/app_statemachine.o
 .debug_macro   0x00021ae8      0x10b ./Core/App/app_statemachine.o
 .debug_macro   0x00021bf3       0x10 ./Core/App/app_statemachine.o
 .debug_macro   0x00021c03       0x16 ./Core/App/app_statemachine.o
 .debug_macro   0x00021c19       0x43 ./Core/App/app_statemachine.o
 .debug_macro   0x00021c5c       0x34 ./Core/App/app_statemachine.o
 .debug_macro   0x00021c90       0x10 ./Core/App/app_statemachine.o
 .debug_macro   0x00021ca0       0x58 ./Core/App/app_statemachine.o
 .debug_macro   0x00021cf8       0x8e ./Core/App/app_statemachine.o
 .debug_macro   0x00021d86       0x1c ./Core/App/app_statemachine.o
 .debug_macro   0x00021da2      0x177 ./Core/App/app_statemachine.o
 .debug_macro   0x00021f19       0x16 ./Core/App/app_statemachine.o
 .debug_macro   0x00021f2f       0x16 ./Core/App/app_statemachine.o
 .debug_macro   0x00021f45      0x146 ./Core/App/app_statemachine.o
 .debug_macro   0x0002208b       0x16 ./Core/App/app_statemachine.o
 .debug_macro   0x000220a1       0x35 ./Core/App/app_statemachine.o
 .debug_macro   0x000220d6       0x20 ./Core/App/app_statemachine.o
 .debug_macro   0x000220f6       0x56 ./Core/App/app_statemachine.o
 .debug_macro   0x0002214c      0x219 ./Core/App/driver_ebrake.o
 .debug_macro   0x00022365      0x219 ./Core/App/driver_fan.o
 .debug_macro   0x0002257e      0x219 ./Core/App/driver_status_led.o
 .debug_macro   0x00022797      0x2f1 ./Core/App/driver_uart.o
 .debug_macro   0x00022a88       0x10 ./Core/App/driver_uart.o
 .debug_macro   0x00022a98      0x219 ./Core/Src/adc.o
 .debug_macro   0x00022cb1      0x219 ./Core/Src/dma.o
 .debug_macro   0x00022eca      0x219 ./Core/Src/gpio.o
 .debug_macro   0x000230e3      0x259 ./Core/Src/main.o
 .debug_macro   0x0002333c      0x219 ./Core/Src/spi.o
 .debug_macro   0x00023555      0x20f ./Core/Src/stm32f4xx_hal_msp.o
 .debug_macro   0x00023764      0x223 ./Core/Src/stm32f4xx_it.o
 .debug_macro   0x00023987       0xff ./Core/Src/sysmem.o
 .debug_macro   0x00023a86      0x23c ./Core/Src/sysmem.o
 .debug_macro   0x00023cc2      0x200 ./Core/Src/system_stm32f4xx.o
 .debug_macro   0x00023ec2      0x219 ./Core/Src/tim.o
 .debug_macro   0x000240db      0x219 ./Core/Src/usart.o
 .debug_macro   0x000242f4      0x260 ./Drivers/STM32F4xx_HAL_Driver/Src/stm32f4xx_hal.o
 .debug_macro   0x00024554      0x201 ./Drivers/STM32F4xx_HAL_Driver/Src/stm32f4xx_hal_adc.o
 .debug_macro   0x00024755      0x200 ./Drivers/STM32F4xx_HAL_Driver/Src/stm32f4xx_hal_cortex.o
 .debug_macro   0x00024955      0x206 ./Drivers/STM32F4xx_HAL_Driver/Src/stm32f4xx_hal_dma.o
 .debug_macro   0x00024b5b      0x206 ./Drivers/STM32F4xx_HAL_Driver/Src/stm32f4xx_hal_gpio.o
 .debug_macro   0x00024d61      0x218 ./Drivers/STM32F4xx_HAL_Driver/Src/stm32f4xx_hal_pwr_ex.o
 .debug_macro   0x00024f79      0x224 ./Drivers/STM32F4xx_HAL_Driver/Src/stm32f4xx_hal_rcc.o
 .debug_macro   0x0002519d      0x200 ./Drivers/STM32F4xx_HAL_Driver/Src/stm32f4xx_hal_rcc_ex.o
 .debug_macro   0x0002539d      0x20f ./Drivers/STM32F4xx_HAL_Driver/Src/stm32f4xx_hal_spi.o
 .debug_macro   0x000255ac      0x201 ./Drivers/STM32F4xx_HAL_Driver/Src/stm32f4xx_hal_tim.o
 .debug_macro   0x000257ad      0x200 ./Drivers/STM32F4xx_HAL_Driver/Src/stm32f4xx_hal_tim_ex.o
 .debug_macro   0x000259ad      0x201 ./Drivers/STM32F4xx_HAL_Driver/Src/stm32f4xx_hal_uart.o

.debug_line     0x00000000    0x188bf
 .debug_line    0x00000000      0xb45 ./Core/App/LoRa.o