19:48:21 **** Incremental Build of configuration Debug for project AMP_PCBv3 ****
make -j16 all 
arm-none-eabi-gcc "../Core/App/app_statemachine.c" -mcpu=cortex-m4 -std=gnu11 -g3 -DDEBUG -DUSE_HAL_DRIVER -DSTM32F446xx -c -I../Core/Inc -I../Drivers/STM32F4xx_HAL_Driver/Inc -I../Drivers/STM32F4xx_HAL_Driver/Inc/Legacy -I../Drivers/CMSIS/Device/ST/STM32F4xx/Include -I../Drivers/CMSIS/Include -I../Core/App/Inc -O0 -ffunction-sections -fdata-sections -Wall -fstack-usage -fcyclomatic-complexity -MMD -MP -MF"Core/App/app_statemachine.d" -MT"Core/App/app_statemachine.o" --specs=nano.specs -mfpu=fpv4-sp-d16 -mfloat-abi=hard -mthumb -o "Core/App/app_statemachine.o"
In file included from ../Core/App/app_statemachine.c:17:
../Core/App/Inc/LoRa.h:1:1: warning: multi-line comment [-Wcomment]
    1 | // -------------------------------------------------- \\
      | ^
arm-none-eabi-gcc -o "AMP_PCBv3.elf" @"objects.list"   -mcpu=cortex-m4 -T"/home/benjaminowen/git/AMP_PCBv3/firmware/AMP_PCBv3/STM32F446RETX_FLASH.ld" --specs=nosys.specs -Wl,-Map="AMP_PCBv3.map" -Wl,--gc-sections -static --specs=nano.specs -mfpu=fpv4-sp-d16 -mfloat-abi=hard -mthumb -Wl,--start-group -lc -lm -Wl,--end-group
/opt/stm32cubeide/plugins/com.st.stm32cube.ide.mcu.externaltools.gnu-tools-for-stm32.12.3.rel1.linux64_1.0.100.202403111256/tools/bin/../lib/gcc/arm-none-eabi/12.3.1/../../../../arm-none-eabi/bin/ld: warning: AMP_PCBv3.elf has a LOAD segment with RWX permissions
Finished building target: AMP_PCBv3.elf
 
arm-none-eabi-size  AMP_PCBv3.elf 
arm-none-eabi-objdump -h -S AMP_PCBv3.elf  > "AMP_PCBv3.list"
   text	   data	    bss	    dec	    hex	filename
  30152	     84	   2484	  32720	   7fd0	AMP_PCBv3.elf
Finished building: default.size.stdout
 
Finished building: AMP_PCBv3.list
 
19:48:22 **** Incremental Build of configuration Debug for project AMP_PCBv3 ****
make -j16 all 
arm-none-eabi-size  AMP_PCBv3.elf 
   text	   data	    bss	    dec	    hex	filename
  30152	     84	   2484	  32720	   7fd0	AMP_PCBv3.elf
Finished building: default.size.stdout
 
19:51:12 **** Incremental Build of configuration Debug for project AMP_PCBv3 ****
make -j16 all 
arm-none-eabi-gcc "../Core/App/app_statemachine.c" -mcpu=cortex-m4 -std=gnu11 -g3 -DDEBUG -DUSE_HAL_DRIVER -DSTM32F446xx -c -I../Core/Inc -I../Drivers/STM32F4xx_HAL_Driver/Inc -I../Drivers/STM32F4xx_HAL_Driver/Inc/Legacy -I../Drivers/CMSIS/Device/ST/STM32F4xx/Include -I../Drivers/CMSIS/Include -I../Core/App/Inc -O0 -ffunction-sections -fdata-sections -Wall -fstack-usage -fcyclomatic-complexity -MMD -MP -MF"Core/App/app_statemachine.d" -MT"Core/App/app_statemachine.o" --specs=nano.specs -mfpu=fpv4-sp-d16 -mfloat-abi=hard -mthumb -o "Core/App/app_statemachine.o"
In file included from ../Core/App/app_statemachine.c:17:
../Core/App/Inc/LoRa.h:1:1: warning: multi-line comment [-Wcomment]
    1 | // -------------------------------------------------- \\
      | ^
arm-none-eabi-gcc -o "AMP_PCBv3.elf" @"objects.list"   -mcpu=cortex-m4 -T"/home/benjaminowen/git/AMP_PCBv3/firmware/AMP_PCBv3/STM32F446RETX_FLASH.ld" --specs=nosys.specs -Wl,-Map="AMP_PCBv3.map" -Wl,--gc-sections -static --specs=nano.specs -mfpu=fpv4-sp-d16 -mfloat-abi=hard -mthumb -Wl,--start-group -lc -lm -Wl,--end-group
/opt/stm32cubeide/plugins/com.st.stm32cube.ide.mcu.externaltools.gnu-tools-for-stm32.12.3.rel1.linux64_1.0.100.202403111256/tools/bin/../lib/gcc/arm-none-eabi/12.3.1/../../../../arm-none-eabi/bin/ld: warning: AMP_PCBv3.elf has a LOAD segment with RWX permissions
Finished building target: AMP_PCBv3.elf
 
arm-none-eabi-size  AMP_PCBv3.elf 
arm-none-eabi-objdump -h -S AMP_PCBv3.elf  > "AMP_PCBv3.list"
   text	   data	    bss	    dec	    hex	filename
  30132	     84	   2484	  32700	   7fbc	AMP_PCBv3.elf
Finished building: default.size.stdout
 
Finished building: AMP_PCBv3.list
 
19:52:42 **** Incremental Build of configuration Debug for project AMP_PCBv3 ****
make -j16 all 
arm-none-eabi-gcc "../Core/App/app_statemachine.c" -mcpu=cortex-m4 -std=gnu11 -g3 -DDEBUG -DUSE_HAL_DRIVER -DSTM32F446xx -c -I../Core/Inc -I../Drivers/STM32F4xx_HAL_Driver/Inc -I../Drivers/STM32F4xx_HAL_Driver/Inc/Legacy -I../Drivers/CMSIS/Device/ST/STM32F4xx/Include -I../Drivers/CMSIS/Include -I../Core/App/Inc -O0 -ffunction-sections -fdata-sections -Wall -fstack-usage -fcyclomatic-complexity -MMD -MP -MF"Core/App/app_statemachine.d" -MT"Core/App/app_statemachine.o" --specs=nano.specs -mfpu=fpv4-sp-d16 -mfloat-abi=hard -mthumb -o "Core/App/app_statemachine.o"
In file included from ../Core/App/app_statemachine.c:17:
../Core/App/Inc/LoRa.h:1:1: warning: multi-line comment [-Wcomment]
    1 | // -------------------------------------------------- \\
      | ^
arm-none-eabi-gcc -o "AMP_PCBv3.elf" @"objects.list"   -mcpu=cortex-m4 -T"/home/benjaminowen/git/AMP_PCBv3/firmware/AMP_PCBv3/STM32F446RETX_FLASH.ld" --specs=nosys.specs -Wl,-Map="AMP_PCBv3.map" -Wl,--gc-sections -static --specs=nano.specs -mfpu=fpv4-sp-d16 -mfloat-abi=hard -mthumb -Wl,--start-group -lc -lm -Wl,--end-group
/opt/stm32cubeide/plugins/com.st.stm32cube.ide.mcu.externaltools.gnu-tools-for-stm32.12.3.rel1.linux64_1.0.100.202403111256/tools/bin/../lib/gcc/arm-none-eabi/12.3.1/../../../../arm-none-eabi/bin/ld: warning: AMP_PCBv3.elf has a LOAD segment with RWX permissions
Finished building target: AMP_PCBv3.elf
 
arm-none-eabi-size  AMP_PCBv3.elf 
arm-none-eabi-objdump -h -S AMP_PCBv3.elf  > "AMP_PCBv3.list"
   text	   data	    bss	    dec	    hex	filename
  30168	     84	   2492	  32744	   7fe8	AMP_PCBv3.elf
Finished building: default.size.stdout
 
Finished building: AMP_PCBv3.list
 
19:53:02 **** Incremental Build of configuration Debug for project AMP_PCBv3 ****
make -j16 all 
arm-none-eabi-gcc "../Core/App/driver_ebrake.c" -mcpu=cortex-m4 -std=gnu11 -g3 -DDEBUG -DUSE_HAL_DRIVER -DSTM32F446xx -c -I../Core/Inc -I../Drivers/STM32F4xx_HAL_Driver/Inc -I../Drivers/STM32F4xx_HAL_Driver/Inc/Legacy -I../Drivers/CMSIS/Device/ST/STM32F4xx/Include -I../Drivers/CMSIS/Include -I../Core/App/Inc -O0 -ffunction-sections -fdata-sections -Wall -fstack-usage -fcyclomatic-complexity -MMD -MP -MF"Core/App/driver_ebrake.d" -MT"Core/App/driver_ebrake.o" --specs=nano.specs -mfpu=fpv4-sp-d16 -mfloat-abi=hard -mthumb -o "Core/App/driver_ebrake.o"
arm-none-eabi-gcc -o "AMP_PCBv3.elf" @"objects.list"   -mcpu=cortex-m4 -T"/home/benjaminowen/git/AMP_PCBv3/firmware/AMP_PCBv3/STM32F446RETX_FLASH.ld" --specs=nosys.specs -Wl,-Map="AMP_PCBv3.map" -Wl,--gc-sections -static --specs=nano.specs -mfpu=fpv4-sp-d16 -mfloat-abi=hard -mthumb -Wl,--start-group -lc -lm -Wl,--end-group
/opt/stm32cubeide/plugins/com.st.stm32cube.ide.mcu.externaltools.gnu-tools-for-stm32.12.3.rel1.linux64_1.0.100.202403111256/tools/bin/../lib/gcc/arm-none-eabi/12.3.1/../../../../arm-none-eabi/bin/ld: warning: AMP_PCBv3.elf has a LOAD segment with RWX permissions
Finished building target: AMP_PCBv3.elf
 
arm-none-eabi-size  AMP_PCBv3.elf 
arm-none-eabi-objdump -h -S AMP_PCBv3.elf  > "AMP_PCBv3.list"
   text	   data	    bss	    dec	    hex	filename
  30168	     84	   2492	  32744	   7fe8	AMP_PCBv3.elf
Finished building: default.size.stdout
 
Finished building: AMP_PCBv3.list
 
19:53:51 **** Incremental Build of configuration Debug for project AMP_PCBv3 ****
make -j16 all 
arm-none-eabi-gcc "../Core/App/driver_ebrake.c" -mcpu=cortex-m4 -std=gnu11 -g3 -DDEBUG -DUSE_HAL_DRIVER -DSTM32F446xx -c -I../Core/Inc -I../Drivers/STM32F4xx_HAL_Driver/Inc -I../Drivers/STM32F4xx_HAL_Driver/Inc/Legacy -I../Drivers/CMSIS/Device/ST/STM32F4xx/Include -I../Drivers/CMSIS/Include -I../Core/App/Inc -O0 -ffunction-sections -fdata-sections -Wall -fstack-usage -fcyclomatic-complexity -MMD -MP -MF"Core/App/driver_ebrake.d" -MT"Core/App/driver_ebrake.o" --specs=nano.specs -mfpu=fpv4-sp-d16 -mfloat-abi=hard -mthumb -o "Core/App/driver_ebrake.o"
arm-none-eabi-gcc -o "AMP_PCBv3.elf" @"objects.list"   -mcpu=cortex-m4 -T"/home/benjaminowen/git/AMP_PCBv3/firmware/AMP_PCBv3/STM32F446RETX_FLASH.ld" --specs=nosys.specs -Wl,-Map="AMP_PCBv3.map" -Wl,--gc-sections -static --specs=nano.specs -mfpu=fpv4-sp-d16 -mfloat-abi=hard -mthumb -Wl,--start-group -lc -lm -Wl,--end-group
/opt/stm32cubeide/plugins/com.st.stm32cube.ide.mcu.externaltools.gnu-tools-for-stm32.12.3.rel1.linux64_1.0.100.202403111256/tools/bin/../lib/gcc/arm-none-eabi/12.3.1/../../../../arm-none-eabi/bin/ld: warning: AMP_PCBv3.elf has a LOAD segment with RWX permissions
Finished building target: AMP_PCBv3.elf
 
arm-none-eabi-size  AMP_PCBv3.elf 
arm-none-eabi-objdump -h -S AMP_PCBv3.elf  > "AMP_PCBv3.list"
   text	   data	    bss	    dec	    hex	filename
  30168	     84	   2492	  32744	   7fe8	AMP_PCBv3.elf
Finished building: default.size.stdout
 
Finished building: AMP_PCBv3.list
 
