../Core/Src/main.c:87:5:main	256	static
../Core/Src/main.c:179:6:SystemClock_Config	88	static
../Core/Src/main.c:227:13:MX_ADC1_Init	24	static
../Core/Src/main.c:279:13:MX_SPI2_Init	8	static
../Core/Src/main.c:317:13:MX_TIM1_Init	32	static
../Core/Src/main.c:363:13:MX_TIM2_Init	32	static
../Core/Src/main.c:408:13:MX_TIM3_Init	64	static
../Core/Src/main.c:476:13:MX_TIM8_Init	96	static
../Core/Src/main.c:550:13:MX_UART4_Init	8	static
../Core/Src/main.c:583:13:MX_UART5_Init	8	static
../Core/Src/main.c:616:13:MX_USART2_UART_Init	8	static
../Core/Src/main.c:649:13:MX_GPIO_Init	48	static
../Core/Src/main.c:738:6:Error_Handler	4	static,ignoring_inline_asm
