../Core/Src/main.c:87:5:main	256	static
../Core/Src/main.c:170:6:SystemClock_Config	88	static
../Core/Src/main.c:218:13:MX_ADC1_Init	24	static
../Core/Src/main.c:270:13:MX_SPI2_Init	8	static
../Core/Src/main.c:308:13:MX_TIM1_Init	32	static
../Core/Src/main.c:354:13:MX_TIM2_Init	32	static
../Core/Src/main.c:399:13:MX_TIM3_Init	64	static
../Core/Src/main.c:467:13:MX_TIM8_Init	96	static
../Core/Src/main.c:541:13:MX_UART4_Init	8	static
../Core/Src/main.c:574:13:MX_UART5_Init	8	static
../Core/Src/main.c:607:13:MX_USART2_UART_Init	8	static
../Core/Src/main.c:640:13:MX_GPIO_Init	48	static
../Core/Src/main.c:729:6:Error_Handler	4	static,ignoring_inline_asm
